Archive member included because of file (symbol)

d:/sourcery_codebench_lite_for_arm_eabi/bin/../lib/gcc/arm-none-eabi/4.6.1/../../../../arm-none-eabi/lib/thumb2\libc.a(lib_a-memcmp.o)
                              d:/workspace/FreeRTOS/Source/tasks.o (memcmp)
d:/sourcery_codebench_lite_for_arm_eabi/bin/../lib/gcc/arm-none-eabi/4.6.1/../../../../arm-none-eabi/lib/thumb2\libc.a(lib_a-memcpy.o)
                              d:/workspace/FreeRTOS/Source/queue.o (memcpy)
d:/sourcery_codebench_lite_for_arm_eabi/bin/../lib/gcc/arm-none-eabi/4.6.1/../../../../arm-none-eabi/lib/thumb2\libc.a(lib_a-memset.o)
                              d:/workspace/FreeRTOS/Source/tasks.o (memset)
d:/sourcery_codebench_lite_for_arm_eabi/bin/../lib/gcc/arm-none-eabi/4.6.1/../../../../arm-none-eabi/lib/thumb2\libc.a(lib_a-strncpy.o)
                              d:/workspace/FreeRTOS/Source/tasks.o (strncpy)

Allocating common symbols
Common symbol       size              file

xMEMS_Task          0x4               ./RTOSDemo/main.o
xLED_Tasks          0x10              ./RTOSDemo/main.o
xQueue              0x4               ./RTOSDemo/main.o
ITM_RxBuffer        0x4               ./RTOSDemo/main.o
xBALANCE_Task       0x4               ./RTOSDemo/main.o
NVIC_InitStructure  0x4               ./drivers/ST/STM32F4_discovery/stm32f4_discovery.o

Memory Configuration

Name             Origin             Length             Attributes
FLASH            0x08000000         0x00100000         xr
RAM              0x20000000         0x00020000         xrw
MEMORY_B1        0x60000000         0x00000000         xr
*default*        0x00000000         0xffffffff

Linker script and memory map

LOAD ./RTOSDemo/main.o
LOAD ./RTOSDemo/hw_config.o
LOAD ./RTOSDemo/system_stm32f4xx.o
LOAD ./drivers/ST/STM32F4_discovery/stm32f4_discovery.o
LOAD ./drivers/ST/STM32F4_discovery/stm32f4_discovery_lis302dl.o
LOAD ./drivers/ST/STM32F4xx_StdPeriph_Driver/src/stm32f4xx_syscfg.o
LOAD ./drivers/ST/STM32F4xx_StdPeriph_Driver/src/misc.o
LOAD ./drivers/ST/STM32F4xx_StdPeriph_Driver/src/stm32f4xx_adc.o
LOAD ./drivers/ST/STM32F4xx_StdPeriph_Driver/src/stm32f4xx_dma.o
LOAD ./drivers/ST/STM32F4xx_StdPeriph_Driver/src/stm32f4xx_exti.o
LOAD ./drivers/ST/STM32F4xx_StdPeriph_Driver/src/stm32f4xx_flash.o
LOAD ./drivers/ST/STM32F4xx_StdPeriph_Driver/src/stm32f4xx_gpio.o
LOAD ./drivers/ST/STM32F4xx_StdPeriph_Driver/src/stm32f4xx_i2c.o
LOAD ./drivers/ST/STM32F4xx_StdPeriph_Driver/src/stm32f4xx_rcc.o
LOAD ./drivers/ST/STM32F4xx_StdPeriph_Driver/src/stm32f4xx_spi.o
LOAD ./drivers/ST/STM32F4xx_StdPeriph_Driver/src/stm32f4xx_tim.o
LOAD ./drivers/ST/STM32F4xx_StdPeriph_Driver/src/stm32f4xx_dac.o
LOAD d:/workspace/FreeRTOS/Source/list.o
LOAD d:/workspace/FreeRTOS/Source/timers.o
LOAD d:/workspace/FreeRTOS/Source/queue.o
LOAD d:/workspace/FreeRTOS/Source/tasks.o
LOAD d:/workspace/FreeRTOS/Source/portable/GCC/ARM_CM3/port.o
LOAD d:/workspace/FreeRTOS/Source/portable/MemMang/heap_2.o
LOAD ./RTOSDemo/startup_stm32f4xx.o
START GROUP
LOAD d:/sourcery_codebench_lite_for_arm_eabi/bin/../lib/gcc/arm-none-eabi/4.6.1/thumb2\libgcc.a
LOAD d:/sourcery_codebench_lite_for_arm_eabi/bin/../lib/gcc/arm-none-eabi/4.6.1/../../../../arm-none-eabi/lib/thumb2\libc.a
END GROUP
                0x20020000                _estack = 0x20020000
                0x00000000                _Min_Heap_Size = 0x0
                0x00000400                _Min_Stack_Size = 0x400

.isr_vector     0x08000000      0x188
                0x08000000                . = ALIGN (0x4)
 *(.isr_vector)
 .isr_vector    0x08000000      0x188 ./RTOSDemo/startup_stm32f4xx.o
                0x08000000                g_pfnVectors
                0x08000188                . = ALIGN (0x4)

.text           0x08000188    0x1c240
                0x08000188                . = ALIGN (0x4)
 *(.text)
 .text          0x08000188        0x0 ./RTOSDemo/main.o
 .text          0x08000188        0x0 ./RTOSDemo/hw_config.o
 .text          0x08000188        0x0 ./RTOSDemo/system_stm32f4xx.o
 .text          0x08000188        0x0 ./drivers/ST/STM32F4_discovery/stm32f4_discovery.o
 .text          0x08000188        0x0 ./drivers/ST/STM32F4_discovery/stm32f4_discovery_lis302dl.o
 .text          0x08000188        0x0 ./drivers/ST/STM32F4xx_StdPeriph_Driver/src/stm32f4xx_syscfg.o
 .text          0x08000188        0x0 ./drivers/ST/STM32F4xx_StdPeriph_Driver/src/misc.o
 .text          0x08000188        0x0 ./drivers/ST/STM32F4xx_StdPeriph_Driver/src/stm32f4xx_adc.o
 .text          0x08000188        0x0 ./drivers/ST/STM32F4xx_StdPeriph_Driver/src/stm32f4xx_dma.o
 .text          0x08000188        0x0 ./drivers/ST/STM32F4xx_StdPeriph_Driver/src/stm32f4xx_exti.o
 .text          0x08000188        0x0 ./drivers/ST/STM32F4xx_StdPeriph_Driver/src/stm32f4xx_flash.o
 .text          0x08000188        0x0 ./drivers/ST/STM32F4xx_StdPeriph_Driver/src/stm32f4xx_gpio.o
 .text          0x08000188        0x0 ./drivers/ST/STM32F4xx_StdPeriph_Driver/src/stm32f4xx_i2c.o
 .text          0x08000188        0x0 ./drivers/ST/STM32F4xx_StdPeriph_Driver/src/stm32f4xx_rcc.o
 .text          0x08000188        0x0 ./drivers/ST/STM32F4xx_StdPeriph_Driver/src/stm32f4xx_spi.o
 .text          0x08000188        0x0 ./drivers/ST/STM32F4xx_StdPeriph_Driver/src/stm32f4xx_tim.o
 .text          0x08000188        0x0 ./drivers/ST/STM32F4xx_StdPeriph_Driver/src/stm32f4xx_dac.o
 .text          0x08000188        0x0 d:/workspace/FreeRTOS/Source/list.o
 .text          0x08000188        0x0 d:/workspace/FreeRTOS/Source/timers.o
 .text          0x08000188        0x0 d:/workspace/FreeRTOS/Source/queue.o
 .text          0x08000188        0x0 d:/workspace/FreeRTOS/Source/tasks.o
 .text          0x08000188        0x0 d:/workspace/FreeRTOS/Source/portable/GCC/ARM_CM3/port.o
 .text          0x08000188        0x0 d:/workspace/FreeRTOS/Source/portable/MemMang/heap_2.o
 .text          0x08000188       0x14 ./RTOSDemo/startup_stm32f4xx.o
 .text          0x0800019c       0x5c d:/sourcery_codebench_lite_for_arm_eabi/bin/../lib/gcc/arm-none-eabi/4.6.1/../../../../arm-none-eabi/lib/thumb2\libc.a(lib_a-memcmp.o)
                0x0800019c                memcmp
 .text          0x080001f8       0xf0 d:/sourcery_codebench_lite_for_arm_eabi/bin/../lib/gcc/arm-none-eabi/4.6.1/../../../../arm-none-eabi/lib/thumb2\libc.a(lib_a-memcpy.o)
                0x080001f8                memcpy
 .text          0x080002e8       0x8c d:/sourcery_codebench_lite_for_arm_eabi/bin/../lib/gcc/arm-none-eabi/4.6.1/../../../../arm-none-eabi/lib/thumb2\libc.a(lib_a-memset.o)
                0x080002e8                memset
 .text          0x08000374       0x74 d:/sourcery_codebench_lite_for_arm_eabi/bin/../lib/gcc/arm-none-eabi/4.6.1/../../../../arm-none-eabi/lib/thumb2\libc.a(lib_a-strncpy.o)
                0x08000374                strncpy
 *(.text*)
 .text.__NOP    0x080003e8        0xc ./RTOSDemo/main.o
 .text.__WFI    0x080003f4        0xc ./RTOSDemo/main.o
 .text.__WFE    0x08000400        0xc ./RTOSDemo/main.o
 .text.__SEV    0x0800040c        0xc ./RTOSDemo/main.o
 .text.__ISB    0x08000418       0x10 ./RTOSDemo/main.o
 .text.__DSB    0x08000428       0x10 ./RTOSDemo/main.o
 .text.__DMB    0x08000438       0x10 ./RTOSDemo/main.o
 .text.__REV    0x08000448       0x1c ./RTOSDemo/main.o
 .text.__REV16  0x08000464       0x1c ./RTOSDemo/main.o
 .text.__REVSH  0x08000480       0x1c ./RTOSDemo/main.o
 .text.__RBIT   0x0800049c       0x20 ./RTOSDemo/main.o
 .text.__LDREXB
                0x080004bc       0x20 ./RTOSDemo/main.o
 .text.__LDREXH
                0x080004dc       0x20 ./RTOSDemo/main.o
 .text.__LDREXW
                0x080004fc       0x20 ./RTOSDemo/main.o
 .text.__STREXB
                0x0800051c       0x24 ./RTOSDemo/main.o
 .text.__STREXH
                0x08000540       0x24 ./RTOSDemo/main.o
 .text.__STREXW
                0x08000564       0x24 ./RTOSDemo/main.o
 .text.__CLREX  0x08000588       0x10 ./RTOSDemo/main.o
 .text.__CLZ    0x08000598       0x20 ./RTOSDemo/main.o
 .text.__enable_irq
                0x080005b8        0xc ./RTOSDemo/main.o
 .text.__disable_irq
                0x080005c4        0xc ./RTOSDemo/main.o
 .text.__get_CONTROL
                0x080005d0       0x1c ./RTOSDemo/main.o
 .text.__set_CONTROL
                0x080005ec       0x18 ./RTOSDemo/main.o
 .text.__get_IPSR
                0x08000604       0x1c ./RTOSDemo/main.o
 .text.__get_APSR
                0x08000620       0x1c ./RTOSDemo/main.o
 .text.__get_xPSR
                0x0800063c       0x1c ./RTOSDemo/main.o
 .text.__get_PSP
                0x08000658       0x14 ./RTOSDemo/main.o
 .text.__set_PSP
                0x0800066c       0x18 ./RTOSDemo/main.o
 .text.__get_MSP
                0x08000684       0x14 ./RTOSDemo/main.o
 .text.__set_MSP
                0x08000698       0x18 ./RTOSDemo/main.o
 .text.__get_PRIMASK
                0x080006b0       0x1c ./RTOSDemo/main.o
 .text.__set_PRIMASK
                0x080006cc       0x18 ./RTOSDemo/main.o
 .text.__enable_fault_irq
                0x080006e4        0xc ./RTOSDemo/main.o
 .text.__disable_fault_irq
                0x080006f0        0xc ./RTOSDemo/main.o
 .text.__get_BASEPRI
                0x080006fc       0x1c ./RTOSDemo/main.o
 .text.__set_BASEPRI
                0x08000718       0x18 ./RTOSDemo/main.o
 .text.__get_FAULTMASK
                0x08000730       0x1c ./RTOSDemo/main.o
 .text.__set_FAULTMASK
                0x0800074c       0x18 ./RTOSDemo/main.o
 .text.__get_FPSCR
                0x08000764       0x10 ./RTOSDemo/main.o
 .text.__set_FPSCR
                0x08000774       0x14 ./RTOSDemo/main.o
 .text.__SADD8  0x08000788       0x24 ./RTOSDemo/main.o
 .text.__QADD8  0x080007ac       0x24 ./RTOSDemo/main.o
 .text.__SHADD8
                0x080007d0       0x24 ./RTOSDemo/main.o
 .text.__UADD8  0x080007f4       0x24 ./RTOSDemo/main.o
 .text.__UQADD8
                0x08000818       0x24 ./RTOSDemo/main.o
 .text.__UHADD8
                0x0800083c       0x24 ./RTOSDemo/main.o
 .text.__SSUB8  0x08000860       0x24 ./RTOSDemo/main.o
 .text.__QSUB8  0x08000884       0x24 ./RTOSDemo/main.o
 .text.__SHSUB8
                0x080008a8       0x24 ./RTOSDemo/main.o
 .text.__USUB8  0x080008cc       0x24 ./RTOSDemo/main.o
 .text.__UQSUB8
                0x080008f0       0x24 ./RTOSDemo/main.o
 .text.__UHSUB8
                0x08000914       0x24 ./RTOSDemo/main.o
 .text.__SADD16
                0x08000938       0x24 ./RTOSDemo/main.o
 .text.__QADD16
                0x0800095c       0x24 ./RTOSDemo/main.o
 .text.__SHADD16
                0x08000980       0x24 ./RTOSDemo/main.o
 .text.__UADD16
                0x080009a4       0x24 ./RTOSDemo/main.o
 .text.__UQADD16
                0x080009c8       0x24 ./RTOSDemo/main.o
 .text.__UHADD16
                0x080009ec       0x24 ./RTOSDemo/main.o
 .text.__SSUB16
                0x08000a10       0x24 ./RTOSDemo/main.o
 .text.__QSUB16
                0x08000a34       0x24 ./RTOSDemo/main.o
 .text.__SHSUB16
                0x08000a58       0x24 ./RTOSDemo/main.o
 .text.__USUB16
                0x08000a7c       0x24 ./RTOSDemo/main.o
 .text.__UQSUB16
                0x08000aa0       0x24 ./RTOSDemo/main.o
 .text.__UHSUB16
                0x08000ac4       0x24 ./RTOSDemo/main.o
 .text.__SASX   0x08000ae8       0x24 ./RTOSDemo/main.o
 .text.__QASX   0x08000b0c       0x24 ./RTOSDemo/main.o
 .text.__SHASX  0x08000b30       0x24 ./RTOSDemo/main.o
 .text.__UASX   0x08000b54       0x24 ./RTOSDemo/main.o
 .text.__UQASX  0x08000b78       0x24 ./RTOSDemo/main.o
 .text.__UHASX  0x08000b9c       0x24 ./RTOSDemo/main.o
 .text.__SSAX   0x08000bc0       0x24 ./RTOSDemo/main.o
 .text.__QSAX   0x08000be4       0x24 ./RTOSDemo/main.o
 .text.__SHSAX  0x08000c08       0x24 ./RTOSDemo/main.o
 .text.__USAX   0x08000c2c       0x24 ./RTOSDemo/main.o
 .text.__UQSAX  0x08000c50       0x24 ./RTOSDemo/main.o
 .text.__UHSAX  0x08000c74       0x24 ./RTOSDemo/main.o
 .text.__USAD8  0x08000c98       0x24 ./RTOSDemo/main.o
 .text.__USADA8
                0x08000cbc       0x28 ./RTOSDemo/main.o
 .text.__UXTB16
                0x08000ce4       0x20 ./RTOSDemo/main.o
 .text.__UXTAB16
                0x08000d04       0x24 ./RTOSDemo/main.o
 .text.__SXTB16
                0x08000d28       0x20 ./RTOSDemo/main.o
 .text.__SXTAB16
                0x08000d48       0x24 ./RTOSDemo/main.o
 .text.__SMUAD  0x08000d6c       0x24 ./RTOSDemo/main.o
 .text.__SMUADX
                0x08000d90       0x24 ./RTOSDemo/main.o
 .text.__SMLAD  0x08000db4       0x28 ./RTOSDemo/main.o
 .text.__SMLADX
                0x08000ddc       0x28 ./RTOSDemo/main.o
 .text.__SMUSD  0x08000e04       0x24 ./RTOSDemo/main.o
 .text.__SMUSDX
                0x08000e28       0x24 ./RTOSDemo/main.o
 .text.__SMLSD  0x08000e4c       0x28 ./RTOSDemo/main.o
 .text.__SMLSDX
                0x08000e74       0x28 ./RTOSDemo/main.o
 .text.__SEL    0x08000e9c       0x24 ./RTOSDemo/main.o
 .text.__QADD   0x08000ec0       0x24 ./RTOSDemo/main.o
 .text.__QSUB   0x08000ee4       0x24 ./RTOSDemo/main.o
 .text.NVIC_SetPriorityGrouping
                0x08000f08       0x50 ./RTOSDemo/main.o
 .text.NVIC_GetPriorityGrouping
                0x08000f58       0x20 ./RTOSDemo/main.o
 .text.NVIC_EnableIRQ
                0x08000f78       0x38 ./RTOSDemo/main.o
 .text.NVIC_DisableIRQ
                0x08000fb0       0x3c ./RTOSDemo/main.o
 .text.NVIC_GetPendingIRQ
                0x08000fec       0x4c ./RTOSDemo/main.o
 .text.NVIC_SetPendingIRQ
                0x08001038       0x3c ./RTOSDemo/main.o
 .text.NVIC_ClearPendingIRQ
                0x08001074       0x3c ./RTOSDemo/main.o
 .text.NVIC_GetActive
                0x080010b0       0x4c ./RTOSDemo/main.o
 .text.NVIC_SetPriority
                0x080010fc       0x5c ./RTOSDemo/main.o
 .text.NVIC_GetPriority
                0x08001158       0x58 ./RTOSDemo/main.o
 .text.NVIC_EncodePriority
                0x080011b0       0x78 ./RTOSDemo/main.o
 .text.NVIC_DecodePriority
                0x08001228       0x7c ./RTOSDemo/main.o
 .text.NVIC_SystemReset
                0x080012a4       0x30 ./RTOSDemo/main.o
 .text.SysTick_Config
                0x080012d4       0x64 ./RTOSDemo/main.o
 .text.ITM_SendChar
                0x08001338       0x64 ./RTOSDemo/main.o
 .text.ITM_ReceiveChar
                0x0800139c       0x50 ./RTOSDemo/main.o
 .text.ITM_CheckChar
                0x080013ec       0x2c ./RTOSDemo/main.o
 .text.main     0x08001418      0x220 ./RTOSDemo/main.o
                0x08001418                main
 .text.vMEMSTask
                0x08001638       0x44 ./RTOSDemo/main.o
 .text.vBALANCETask
                0x0800167c      0x1c0 ./RTOSDemo/main.o
 .text.vLEDTask
                0x0800183c       0x28 ./RTOSDemo/main.o
 .text.vSWITCHTask
                0x08001864      0x14c ./RTOSDemo/main.o
 .text.vApplicationIdleHook
                0x080019b0       0x18 ./RTOSDemo/main.o
                0x080019b0                vApplicationIdleHook
 .text.vApplicationMallocFailedHook
                0x080019c8        0x8 ./RTOSDemo/main.o
                0x080019c8                vApplicationMallocFailedHook
 .text.vApplicationStackOverflowHook
                0x080019d0        0xc ./RTOSDemo/main.o
                0x080019d0                vApplicationStackOverflowHook
 .text.__NOP    0x080019dc        0xc ./RTOSDemo/hw_config.o
 .text.__WFI    0x080019e8        0xc ./RTOSDemo/hw_config.o
 .text.__WFE    0x080019f4        0xc ./RTOSDemo/hw_config.o
 .text.__SEV    0x08001a00        0xc ./RTOSDemo/hw_config.o
 .text.__ISB    0x08001a0c       0x10 ./RTOSDemo/hw_config.o
 .text.__DSB    0x08001a1c       0x10 ./RTOSDemo/hw_config.o
 .text.__DMB    0x08001a2c       0x10 ./RTOSDemo/hw_config.o
 .text.__REV    0x08001a3c       0x1c ./RTOSDemo/hw_config.o
 .text.__REV16  0x08001a58       0x1c ./RTOSDemo/hw_config.o
 .text.__REVSH  0x08001a74       0x1c ./RTOSDemo/hw_config.o
 .text.__RBIT   0x08001a90       0x20 ./RTOSDemo/hw_config.o
 .text.__LDREXB
                0x08001ab0       0x20 ./RTOSDemo/hw_config.o
 .text.__LDREXH
                0x08001ad0       0x20 ./RTOSDemo/hw_config.o
 .text.__LDREXW
                0x08001af0       0x20 ./RTOSDemo/hw_config.o
 .text.__STREXB
                0x08001b10       0x24 ./RTOSDemo/hw_config.o
 .text.__STREXH
                0x08001b34       0x24 ./RTOSDemo/hw_config.o
 .text.__STREXW
                0x08001b58       0x24 ./RTOSDemo/hw_config.o
 .text.__CLREX  0x08001b7c       0x10 ./RTOSDemo/hw_config.o
 .text.__CLZ    0x08001b8c       0x20 ./RTOSDemo/hw_config.o
 .text.__enable_irq
                0x08001bac        0xc ./RTOSDemo/hw_config.o
 .text.__disable_irq
                0x08001bb8        0xc ./RTOSDemo/hw_config.o
 .text.__get_CONTROL
                0x08001bc4       0x1c ./RTOSDemo/hw_config.o
 .text.__set_CONTROL
                0x08001be0       0x18 ./RTOSDemo/hw_config.o
 .text.__get_IPSR
                0x08001bf8       0x1c ./RTOSDemo/hw_config.o
 .text.__get_APSR
                0x08001c14       0x1c ./RTOSDemo/hw_config.o
 .text.__get_xPSR
                0x08001c30       0x1c ./RTOSDemo/hw_config.o
 .text.__get_PSP
                0x08001c4c       0x14 ./RTOSDemo/hw_config.o
 .text.__set_PSP
                0x08001c60       0x18 ./RTOSDemo/hw_config.o
 .text.__get_MSP
                0x08001c78       0x14 ./RTOSDemo/hw_config.o
 .text.__set_MSP
                0x08001c8c       0x18 ./RTOSDemo/hw_config.o
 .text.__get_PRIMASK
                0x08001ca4       0x1c ./RTOSDemo/hw_config.o
 .text.__set_PRIMASK
                0x08001cc0       0x18 ./RTOSDemo/hw_config.o
 .text.__enable_fault_irq
                0x08001cd8        0xc ./RTOSDemo/hw_config.o
 .text.__disable_fault_irq
                0x08001ce4        0xc ./RTOSDemo/hw_config.o
 .text.__get_BASEPRI
                0x08001cf0       0x1c ./RTOSDemo/hw_config.o
 .text.__set_BASEPRI
                0x08001d0c       0x18 ./RTOSDemo/hw_config.o
 .text.__get_FAULTMASK
                0x08001d24       0x1c ./RTOSDemo/hw_config.o
 .text.__set_FAULTMASK
                0x08001d40       0x18 ./RTOSDemo/hw_config.o
 .text.__get_FPSCR
                0x08001d58       0x10 ./RTOSDemo/hw_config.o
 .text.__set_FPSCR
                0x08001d68       0x14 ./RTOSDemo/hw_config.o
 .text.__SADD8  0x08001d7c       0x24 ./RTOSDemo/hw_config.o
 .text.__QADD8  0x08001da0       0x24 ./RTOSDemo/hw_config.o
 .text.__SHADD8
                0x08001dc4       0x24 ./RTOSDemo/hw_config.o
 .text.__UADD8  0x08001de8       0x24 ./RTOSDemo/hw_config.o
 .text.__UQADD8
                0x08001e0c       0x24 ./RTOSDemo/hw_config.o
 .text.__UHADD8
                0x08001e30       0x24 ./RTOSDemo/hw_config.o
 .text.__SSUB8  0x08001e54       0x24 ./RTOSDemo/hw_config.o
 .text.__QSUB8  0x08001e78       0x24 ./RTOSDemo/hw_config.o
 .text.__SHSUB8
                0x08001e9c       0x24 ./RTOSDemo/hw_config.o
 .text.__USUB8  0x08001ec0       0x24 ./RTOSDemo/hw_config.o
 .text.__UQSUB8
                0x08001ee4       0x24 ./RTOSDemo/hw_config.o
 .text.__UHSUB8
                0x08001f08       0x24 ./RTOSDemo/hw_config.o
 .text.__SADD16
                0x08001f2c       0x24 ./RTOSDemo/hw_config.o
 .text.__QADD16
                0x08001f50       0x24 ./RTOSDemo/hw_config.o
 .text.__SHADD16
                0x08001f74       0x24 ./RTOSDemo/hw_config.o
 .text.__UADD16
                0x08001f98       0x24 ./RTOSDemo/hw_config.o
 .text.__UQADD16
                0x08001fbc       0x24 ./RTOSDemo/hw_config.o
 .text.__UHADD16
                0x08001fe0       0x24 ./RTOSDemo/hw_config.o
 .text.__SSUB16
                0x08002004       0x24 ./RTOSDemo/hw_config.o
 .text.__QSUB16
                0x08002028       0x24 ./RTOSDemo/hw_config.o
 .text.__SHSUB16
                0x0800204c       0x24 ./RTOSDemo/hw_config.o
 .text.__USUB16
                0x08002070       0x24 ./RTOSDemo/hw_config.o
 .text.__UQSUB16
                0x08002094       0x24 ./RTOSDemo/hw_config.o
 .text.__UHSUB16
                0x080020b8       0x24 ./RTOSDemo/hw_config.o
 .text.__SASX   0x080020dc       0x24 ./RTOSDemo/hw_config.o
 .text.__QASX   0x08002100       0x24 ./RTOSDemo/hw_config.o
 .text.__SHASX  0x08002124       0x24 ./RTOSDemo/hw_config.o
 .text.__UASX   0x08002148       0x24 ./RTOSDemo/hw_config.o
 .text.__UQASX  0x0800216c       0x24 ./RTOSDemo/hw_config.o
 .text.__UHASX  0x08002190       0x24 ./RTOSDemo/hw_config.o
 .text.__SSAX   0x080021b4       0x24 ./RTOSDemo/hw_config.o
 .text.__QSAX   0x080021d8       0x24 ./RTOSDemo/hw_config.o
 .text.__SHSAX  0x080021fc       0x24 ./RTOSDemo/hw_config.o
 .text.__USAX   0x08002220       0x24 ./RTOSDemo/hw_config.o
 .text.__UQSAX  0x08002244       0x24 ./RTOSDemo/hw_config.o
 .text.__UHSAX  0x08002268       0x24 ./RTOSDemo/hw_config.o
 .text.__USAD8  0x0800228c       0x24 ./RTOSDemo/hw_config.o
 .text.__USADA8
                0x080022b0       0x28 ./RTOSDemo/hw_config.o
 .text.__UXTB16
                0x080022d8       0x20 ./RTOSDemo/hw_config.o
 .text.__UXTAB16
                0x080022f8       0x24 ./RTOSDemo/hw_config.o
 .text.__SXTB16
                0x0800231c       0x20 ./RTOSDemo/hw_config.o
 .text.__SXTAB16
                0x0800233c       0x24 ./RTOSDemo/hw_config.o
 .text.__SMUAD  0x08002360       0x24 ./RTOSDemo/hw_config.o
 .text.__SMUADX
                0x08002384       0x24 ./RTOSDemo/hw_config.o
 .text.__SMLAD  0x080023a8       0x28 ./RTOSDemo/hw_config.o
 .text.__SMLADX
                0x080023d0       0x28 ./RTOSDemo/hw_config.o
 .text.__SMUSD  0x080023f8       0x24 ./RTOSDemo/hw_config.o
 .text.__SMUSDX
                0x0800241c       0x24 ./RTOSDemo/hw_config.o
 .text.__SMLSD  0x08002440       0x28 ./RTOSDemo/hw_config.o
 .text.__SMLSDX
                0x08002468       0x28 ./RTOSDemo/hw_config.o
 .text.__SEL    0x08002490       0x24 ./RTOSDemo/hw_config.o
 .text.__QADD   0x080024b4       0x24 ./RTOSDemo/hw_config.o
 .text.__QSUB   0x080024d8       0x24 ./RTOSDemo/hw_config.o
 .text.NVIC_SetPriorityGrouping
                0x080024fc       0x50 ./RTOSDemo/hw_config.o
 .text.NVIC_GetPriorityGrouping
                0x0800254c       0x20 ./RTOSDemo/hw_config.o
 .text.NVIC_EnableIRQ
                0x0800256c       0x38 ./RTOSDemo/hw_config.o
 .text.NVIC_DisableIRQ
                0x080025a4       0x3c ./RTOSDemo/hw_config.o
 .text.NVIC_GetPendingIRQ
                0x080025e0       0x4c ./RTOSDemo/hw_config.o
 .text.NVIC_SetPendingIRQ
                0x0800262c       0x3c ./RTOSDemo/hw_config.o
 .text.NVIC_ClearPendingIRQ
                0x08002668       0x3c ./RTOSDemo/hw_config.o
 .text.NVIC_GetActive
                0x080026a4       0x4c ./RTOSDemo/hw_config.o
 .text.NVIC_SetPriority
                0x080026f0       0x5c ./RTOSDemo/hw_config.o
 .text.NVIC_GetPriority
                0x0800274c       0x58 ./RTOSDemo/hw_config.o
 .text.NVIC_EncodePriority
                0x080027a4       0x78 ./RTOSDemo/hw_config.o
 .text.NVIC_DecodePriority
                0x0800281c       0x7c ./RTOSDemo/hw_config.o
 .text.NVIC_SystemReset
                0x08002898       0x30 ./RTOSDemo/hw_config.o
 .text.SysTick_Config
                0x080028c8       0x64 ./RTOSDemo/hw_config.o
 .text.ITM_SendChar
                0x0800292c       0x64 ./RTOSDemo/hw_config.o
 .text.ITM_ReceiveChar
                0x08002990       0x50 ./RTOSDemo/hw_config.o
 .text.ITM_CheckChar
                0x080029e0       0x2c ./RTOSDemo/hw_config.o
 .text.prvSetupHardware
                0x08002a0c       0x38 ./RTOSDemo/hw_config.o
                0x08002a0c                prvSetupHardware
 .text.prvLED_Config
                0x08002a44       0xc4 ./RTOSDemo/hw_config.o
                0x08002a44                prvLED_Config
 .text.prvMEMS_Config
                0x08002b08      0x124 ./RTOSDemo/hw_config.o
                0x08002b08                prvMEMS_Config
 .text.LIS302DL_TIMEOUT_UserCallback
                0x08002c2c        0x8 ./RTOSDemo/hw_config.o
                0x08002c2c                LIS302DL_TIMEOUT_UserCallback
 .text.prvTIM4_Config
                0x08002c34      0x16c ./RTOSDemo/hw_config.o
                0x08002c34                prvTIM4_Config
 .text.__NOP    0x08002da0        0xc ./RTOSDemo/system_stm32f4xx.o
 .text.__WFI    0x08002dac        0xc ./RTOSDemo/system_stm32f4xx.o
 .text.__WFE    0x08002db8        0xc ./RTOSDemo/system_stm32f4xx.o
 .text.__SEV    0x08002dc4        0xc ./RTOSDemo/system_stm32f4xx.o
 .text.__ISB    0x08002dd0       0x10 ./RTOSDemo/system_stm32f4xx.o
 .text.__DSB    0x08002de0       0x10 ./RTOSDemo/system_stm32f4xx.o
 .text.__DMB    0x08002df0       0x10 ./RTOSDemo/system_stm32f4xx.o
 .text.__REV    0x08002e00       0x1c ./RTOSDemo/system_stm32f4xx.o
 .text.__REV16  0x08002e1c       0x1c ./RTOSDemo/system_stm32f4xx.o
 .text.__REVSH  0x08002e38       0x1c ./RTOSDemo/system_stm32f4xx.o
 .text.__RBIT   0x08002e54       0x20 ./RTOSDemo/system_stm32f4xx.o
 .text.__LDREXB
                0x08002e74       0x20 ./RTOSDemo/system_stm32f4xx.o
 .text.__LDREXH
                0x08002e94       0x20 ./RTOSDemo/system_stm32f4xx.o
 .text.__LDREXW
                0x08002eb4       0x20 ./RTOSDemo/system_stm32f4xx.o
 .text.__STREXB
                0x08002ed4       0x24 ./RTOSDemo/system_stm32f4xx.o
 .text.__STREXH
                0x08002ef8       0x24 ./RTOSDemo/system_stm32f4xx.o
 .text.__STREXW
                0x08002f1c       0x24 ./RTOSDemo/system_stm32f4xx.o
 .text.__CLREX  0x08002f40       0x10 ./RTOSDemo/system_stm32f4xx.o
 .text.__CLZ    0x08002f50       0x20 ./RTOSDemo/system_stm32f4xx.o
 .text.__enable_irq
                0x08002f70        0xc ./RTOSDemo/system_stm32f4xx.o
 .text.__disable_irq
                0x08002f7c        0xc ./RTOSDemo/system_stm32f4xx.o
 .text.__get_CONTROL
                0x08002f88       0x1c ./RTOSDemo/system_stm32f4xx.o
 .text.__set_CONTROL
                0x08002fa4       0x18 ./RTOSDemo/system_stm32f4xx.o
 .text.__get_IPSR
                0x08002fbc       0x1c ./RTOSDemo/system_stm32f4xx.o
 .text.__get_APSR
                0x08002fd8       0x1c ./RTOSDemo/system_stm32f4xx.o
 .text.__get_xPSR
                0x08002ff4       0x1c ./RTOSDemo/system_stm32f4xx.o
 .text.__get_PSP
                0x08003010       0x14 ./RTOSDemo/system_stm32f4xx.o
 .text.__set_PSP
                0x08003024       0x18 ./RTOSDemo/system_stm32f4xx.o
 .text.__get_MSP
                0x0800303c       0x14 ./RTOSDemo/system_stm32f4xx.o
 .text.__set_MSP
                0x08003050       0x18 ./RTOSDemo/system_stm32f4xx.o
 .text.__get_PRIMASK
                0x08003068       0x1c ./RTOSDemo/system_stm32f4xx.o
 .text.__set_PRIMASK
                0x08003084       0x18 ./RTOSDemo/system_stm32f4xx.o
 .text.__enable_fault_irq
                0x0800309c        0xc ./RTOSDemo/system_stm32f4xx.o
 .text.__disable_fault_irq
                0x080030a8        0xc ./RTOSDemo/system_stm32f4xx.o
 .text.__get_BASEPRI
                0x080030b4       0x1c ./RTOSDemo/system_stm32f4xx.o
 .text.__set_BASEPRI
                0x080030d0       0x18 ./RTOSDemo/system_stm32f4xx.o
 .text.__get_FAULTMASK
                0x080030e8       0x1c ./RTOSDemo/system_stm32f4xx.o
 .text.__set_FAULTMASK
                0x08003104       0x18 ./RTOSDemo/system_stm32f4xx.o
 .text.__get_FPSCR
                0x0800311c       0x10 ./RTOSDemo/system_stm32f4xx.o
 .text.__set_FPSCR
                0x0800312c       0x14 ./RTOSDemo/system_stm32f4xx.o
 .text.__SADD8  0x08003140       0x24 ./RTOSDemo/system_stm32f4xx.o
 .text.__QADD8  0x08003164       0x24 ./RTOSDemo/system_stm32f4xx.o
 .text.__SHADD8
                0x08003188       0x24 ./RTOSDemo/system_stm32f4xx.o
 .text.__UADD8  0x080031ac       0x24 ./RTOSDemo/system_stm32f4xx.o
 .text.__UQADD8
                0x080031d0       0x24 ./RTOSDemo/system_stm32f4xx.o
 .text.__UHADD8
                0x080031f4       0x24 ./RTOSDemo/system_stm32f4xx.o
 .text.__SSUB8  0x08003218       0x24 ./RTOSDemo/system_stm32f4xx.o
 .text.__QSUB8  0x0800323c       0x24 ./RTOSDemo/system_stm32f4xx.o
 .text.__SHSUB8
                0x08003260       0x24 ./RTOSDemo/system_stm32f4xx.o
 .text.__USUB8  0x08003284       0x24 ./RTOSDemo/system_stm32f4xx.o
 .text.__UQSUB8
                0x080032a8       0x24 ./RTOSDemo/system_stm32f4xx.o
 .text.__UHSUB8
                0x080032cc       0x24 ./RTOSDemo/system_stm32f4xx.o
 .text.__SADD16
                0x080032f0       0x24 ./RTOSDemo/system_stm32f4xx.o
 .text.__QADD16
                0x08003314       0x24 ./RTOSDemo/system_stm32f4xx.o
 .text.__SHADD16
                0x08003338       0x24 ./RTOSDemo/system_stm32f4xx.o
 .text.__UADD16
                0x0800335c       0x24 ./RTOSDemo/system_stm32f4xx.o
 .text.__UQADD16
                0x08003380       0x24 ./RTOSDemo/system_stm32f4xx.o
 .text.__UHADD16
                0x080033a4       0x24 ./RTOSDemo/system_stm32f4xx.o
 .text.__SSUB16
                0x080033c8       0x24 ./RTOSDemo/system_stm32f4xx.o
 .text.__QSUB16
                0x080033ec       0x24 ./RTOSDemo/system_stm32f4xx.o
 .text.__SHSUB16
                0x08003410       0x24 ./RTOSDemo/system_stm32f4xx.o
 .text.__USUB16
                0x08003434       0x24 ./RTOSDemo/system_stm32f4xx.o
 .text.__UQSUB16
                0x08003458       0x24 ./RTOSDemo/system_stm32f4xx.o
 .text.__UHSUB16
                0x0800347c       0x24 ./RTOSDemo/system_stm32f4xx.o
 .text.__SASX   0x080034a0       0x24 ./RTOSDemo/system_stm32f4xx.o
 .text.__QASX   0x080034c4       0x24 ./RTOSDemo/system_stm32f4xx.o
 .text.__SHASX  0x080034e8       0x24 ./RTOSDemo/system_stm32f4xx.o
 .text.__UASX   0x0800350c       0x24 ./RTOSDemo/system_stm32f4xx.o
 .text.__UQASX  0x08003530       0x24 ./RTOSDemo/system_stm32f4xx.o
 .text.__UHASX  0x08003554       0x24 ./RTOSDemo/system_stm32f4xx.o
 .text.__SSAX   0x08003578       0x24 ./RTOSDemo/system_stm32f4xx.o
 .text.__QSAX   0x0800359c       0x24 ./RTOSDemo/system_stm32f4xx.o
 .text.__SHSAX  0x080035c0       0x24 ./RTOSDemo/system_stm32f4xx.o
 .text.__USAX   0x080035e4       0x24 ./RTOSDemo/system_stm32f4xx.o
 .text.__UQSAX  0x08003608       0x24 ./RTOSDemo/system_stm32f4xx.o
 .text.__UHSAX  0x0800362c       0x24 ./RTOSDemo/system_stm32f4xx.o
 .text.__USAD8  0x08003650       0x24 ./RTOSDemo/system_stm32f4xx.o
 .text.__USADA8
                0x08003674       0x28 ./RTOSDemo/system_stm32f4xx.o
 .text.__UXTB16
                0x0800369c       0x20 ./RTOSDemo/system_stm32f4xx.o
 .text.__UXTAB16
                0x080036bc       0x24 ./RTOSDemo/system_stm32f4xx.o
 .text.__SXTB16
                0x080036e0       0x20 ./RTOSDemo/system_stm32f4xx.o
 .text.__SXTAB16
                0x08003700       0x24 ./RTOSDemo/system_stm32f4xx.o
 .text.__SMUAD  0x08003724       0x24 ./RTOSDemo/system_stm32f4xx.o
 .text.__SMUADX
                0x08003748       0x24 ./RTOSDemo/system_stm32f4xx.o
 .text.__SMLAD  0x0800376c       0x28 ./RTOSDemo/system_stm32f4xx.o
 .text.__SMLADX
                0x08003794       0x28 ./RTOSDemo/system_stm32f4xx.o
 .text.__SMUSD  0x080037bc       0x24 ./RTOSDemo/system_stm32f4xx.o
 .text.__SMUSDX
                0x080037e0       0x24 ./RTOSDemo/system_stm32f4xx.o
 .text.__SMLSD  0x08003804       0x28 ./RTOSDemo/system_stm32f4xx.o
 .text.__SMLSDX
                0x0800382c       0x28 ./RTOSDemo/system_stm32f4xx.o
 .text.__SEL    0x08003854       0x24 ./RTOSDemo/system_stm32f4xx.o
 .text.__QADD   0x08003878       0x24 ./RTOSDemo/system_stm32f4xx.o
 .text.__QSUB   0x0800389c       0x24 ./RTOSDemo/system_stm32f4xx.o
 .text.NVIC_SetPriorityGrouping
                0x080038c0       0x50 ./RTOSDemo/system_stm32f4xx.o
 .text.NVIC_GetPriorityGrouping
                0x08003910       0x20 ./RTOSDemo/system_stm32f4xx.o
 .text.NVIC_EnableIRQ
                0x08003930       0x38 ./RTOSDemo/system_stm32f4xx.o
 .text.NVIC_DisableIRQ
                0x08003968       0x3c ./RTOSDemo/system_stm32f4xx.o
 .text.NVIC_GetPendingIRQ
                0x080039a4       0x4c ./RTOSDemo/system_stm32f4xx.o
 .text.NVIC_SetPendingIRQ
                0x080039f0       0x3c ./RTOSDemo/system_stm32f4xx.o
 .text.NVIC_ClearPendingIRQ
                0x08003a2c       0x3c ./RTOSDemo/system_stm32f4xx.o
 .text.NVIC_GetActive
                0x08003a68       0x4c ./RTOSDemo/system_stm32f4xx.o
 .text.NVIC_SetPriority
                0x08003ab4       0x5c ./RTOSDemo/system_stm32f4xx.o
 .text.NVIC_GetPriority
                0x08003b10       0x58 ./RTOSDemo/system_stm32f4xx.o
 .text.NVIC_EncodePriority
                0x08003b68       0x78 ./RTOSDemo/system_stm32f4xx.o
 .text.NVIC_DecodePriority
                0x08003be0       0x7c ./RTOSDemo/system_stm32f4xx.o
 .text.NVIC_SystemReset
                0x08003c5c       0x30 ./RTOSDemo/system_stm32f4xx.o
 .text.SysTick_Config
                0x08003c8c       0x64 ./RTOSDemo/system_stm32f4xx.o
 .text.ITM_SendChar
                0x08003cf0       0x64 ./RTOSDemo/system_stm32f4xx.o
 .text.ITM_ReceiveChar
                0x08003d54       0x50 ./RTOSDemo/system_stm32f4xx.o
 .text.ITM_CheckChar
                0x08003da4       0x2c ./RTOSDemo/system_stm32f4xx.o
 .text.SystemInit
                0x08003dd0       0x94 ./RTOSDemo/system_stm32f4xx.o
                0x08003dd0                SystemInit
 .text.SystemCoreClockUpdate
                0x08003e64      0x170 ./RTOSDemo/system_stm32f4xx.o
                0x08003e64                SystemCoreClockUpdate
 .text.SetSysClock
                0x08003fd4      0x188 ./RTOSDemo/system_stm32f4xx.o
 .text.__NOP    0x0800415c        0xc ./drivers/ST/STM32F4_discovery/stm32f4_discovery.o
 .text.__WFI    0x08004168        0xc ./drivers/ST/STM32F4_discovery/stm32f4_discovery.o
 .text.__WFE    0x08004174        0xc ./drivers/ST/STM32F4_discovery/stm32f4_discovery.o
 .text.__SEV    0x08004180        0xc ./drivers/ST/STM32F4_discovery/stm32f4_discovery.o
 .text.__ISB    0x0800418c       0x10 ./drivers/ST/STM32F4_discovery/stm32f4_discovery.o
 .text.__DSB    0x0800419c       0x10 ./drivers/ST/STM32F4_discovery/stm32f4_discovery.o
 .text.__DMB    0x080041ac       0x10 ./drivers/ST/STM32F4_discovery/stm32f4_discovery.o
 .text.__REV    0x080041bc       0x1c ./drivers/ST/STM32F4_discovery/stm32f4_discovery.o
 .text.__REV16  0x080041d8       0x1c ./drivers/ST/STM32F4_discovery/stm32f4_discovery.o
 .text.__REVSH  0x080041f4       0x1c ./drivers/ST/STM32F4_discovery/stm32f4_discovery.o
 .text.__RBIT   0x08004210       0x20 ./drivers/ST/STM32F4_discovery/stm32f4_discovery.o
 .text.__LDREXB
                0x08004230       0x20 ./drivers/ST/STM32F4_discovery/stm32f4_discovery.o
 .text.__LDREXH
                0x08004250       0x20 ./drivers/ST/STM32F4_discovery/stm32f4_discovery.o
 .text.__LDREXW
                0x08004270       0x20 ./drivers/ST/STM32F4_discovery/stm32f4_discovery.o
 .text.__STREXB
                0x08004290       0x24 ./drivers/ST/STM32F4_discovery/stm32f4_discovery.o
 .text.__STREXH
                0x080042b4       0x24 ./drivers/ST/STM32F4_discovery/stm32f4_discovery.o
 .text.__STREXW
                0x080042d8       0x24 ./drivers/ST/STM32F4_discovery/stm32f4_discovery.o
 .text.__CLREX  0x080042fc       0x10 ./drivers/ST/STM32F4_discovery/stm32f4_discovery.o
 .text.__CLZ    0x0800430c       0x20 ./drivers/ST/STM32F4_discovery/stm32f4_discovery.o
 .text.__enable_irq
                0x0800432c        0xc ./drivers/ST/STM32F4_discovery/stm32f4_discovery.o
 .text.__disable_irq
                0x08004338        0xc ./drivers/ST/STM32F4_discovery/stm32f4_discovery.o
 .text.__get_CONTROL
                0x08004344       0x1c ./drivers/ST/STM32F4_discovery/stm32f4_discovery.o
 .text.__set_CONTROL
                0x08004360       0x18 ./drivers/ST/STM32F4_discovery/stm32f4_discovery.o
 .text.__get_IPSR
                0x08004378       0x1c ./drivers/ST/STM32F4_discovery/stm32f4_discovery.o
 .text.__get_APSR
                0x08004394       0x1c ./drivers/ST/STM32F4_discovery/stm32f4_discovery.o
 .text.__get_xPSR
                0x080043b0       0x1c ./drivers/ST/STM32F4_discovery/stm32f4_discovery.o
 .text.__get_PSP
                0x080043cc       0x14 ./drivers/ST/STM32F4_discovery/stm32f4_discovery.o
 .text.__set_PSP
                0x080043e0       0x18 ./drivers/ST/STM32F4_discovery/stm32f4_discovery.o
 .text.__get_MSP
                0x080043f8       0x14 ./drivers/ST/STM32F4_discovery/stm32f4_discovery.o
 .text.__set_MSP
                0x0800440c       0x18 ./drivers/ST/STM32F4_discovery/stm32f4_discovery.o
 .text.__get_PRIMASK
                0x08004424       0x1c ./drivers/ST/STM32F4_discovery/stm32f4_discovery.o
 .text.__set_PRIMASK
                0x08004440       0x18 ./drivers/ST/STM32F4_discovery/stm32f4_discovery.o
 .text.__enable_fault_irq
                0x08004458        0xc ./drivers/ST/STM32F4_discovery/stm32f4_discovery.o
 .text.__disable_fault_irq
                0x08004464        0xc ./drivers/ST/STM32F4_discovery/stm32f4_discovery.o
 .text.__get_BASEPRI
                0x08004470       0x1c ./drivers/ST/STM32F4_discovery/stm32f4_discovery.o
 .text.__set_BASEPRI
                0x0800448c       0x18 ./drivers/ST/STM32F4_discovery/stm32f4_discovery.o
 .text.__get_FAULTMASK
                0x080044a4       0x1c ./drivers/ST/STM32F4_discovery/stm32f4_discovery.o
 .text.__set_FAULTMASK
                0x080044c0       0x18 ./drivers/ST/STM32F4_discovery/stm32f4_discovery.o
 .text.__get_FPSCR
                0x080044d8       0x10 ./drivers/ST/STM32F4_discovery/stm32f4_discovery.o
 .text.__set_FPSCR
                0x080044e8       0x14 ./drivers/ST/STM32F4_discovery/stm32f4_discovery.o
 .text.__SADD8  0x080044fc       0x24 ./drivers/ST/STM32F4_discovery/stm32f4_discovery.o
 .text.__QADD8  0x08004520       0x24 ./drivers/ST/STM32F4_discovery/stm32f4_discovery.o
 .text.__SHADD8
                0x08004544       0x24 ./drivers/ST/STM32F4_discovery/stm32f4_discovery.o
 .text.__UADD8  0x08004568       0x24 ./drivers/ST/STM32F4_discovery/stm32f4_discovery.o
 .text.__UQADD8
                0x0800458c       0x24 ./drivers/ST/STM32F4_discovery/stm32f4_discovery.o
 .text.__UHADD8
                0x080045b0       0x24 ./drivers/ST/STM32F4_discovery/stm32f4_discovery.o
 .text.__SSUB8  0x080045d4       0x24 ./drivers/ST/STM32F4_discovery/stm32f4_discovery.o
 .text.__QSUB8  0x080045f8       0x24 ./drivers/ST/STM32F4_discovery/stm32f4_discovery.o
 .text.__SHSUB8
                0x0800461c       0x24 ./drivers/ST/STM32F4_discovery/stm32f4_discovery.o
 .text.__USUB8  0x08004640       0x24 ./drivers/ST/STM32F4_discovery/stm32f4_discovery.o
 .text.__UQSUB8
                0x08004664       0x24 ./drivers/ST/STM32F4_discovery/stm32f4_discovery.o
 .text.__UHSUB8
                0x08004688       0x24 ./drivers/ST/STM32F4_discovery/stm32f4_discovery.o
 .text.__SADD16
                0x080046ac       0x24 ./drivers/ST/STM32F4_discovery/stm32f4_discovery.o
 .text.__QADD16
                0x080046d0       0x24 ./drivers/ST/STM32F4_discovery/stm32f4_discovery.o
 .text.__SHADD16
                0x080046f4       0x24 ./drivers/ST/STM32F4_discovery/stm32f4_discovery.o
 .text.__UADD16
                0x08004718       0x24 ./drivers/ST/STM32F4_discovery/stm32f4_discovery.o
 .text.__UQADD16
                0x0800473c       0x24 ./drivers/ST/STM32F4_discovery/stm32f4_discovery.o
 .text.__UHADD16
                0x08004760       0x24 ./drivers/ST/STM32F4_discovery/stm32f4_discovery.o
 .text.__SSUB16
                0x08004784       0x24 ./drivers/ST/STM32F4_discovery/stm32f4_discovery.o
 .text.__QSUB16
                0x080047a8       0x24 ./drivers/ST/STM32F4_discovery/stm32f4_discovery.o
 .text.__SHSUB16
                0x080047cc       0x24 ./drivers/ST/STM32F4_discovery/stm32f4_discovery.o
 .text.__USUB16
                0x080047f0       0x24 ./drivers/ST/STM32F4_discovery/stm32f4_discovery.o
 .text.__UQSUB16
                0x08004814       0x24 ./drivers/ST/STM32F4_discovery/stm32f4_discovery.o
 .text.__UHSUB16
                0x08004838       0x24 ./drivers/ST/STM32F4_discovery/stm32f4_discovery.o
 .text.__SASX   0x0800485c       0x24 ./drivers/ST/STM32F4_discovery/stm32f4_discovery.o
 .text.__QASX   0x08004880       0x24 ./drivers/ST/STM32F4_discovery/stm32f4_discovery.o
 .text.__SHASX  0x080048a4       0x24 ./drivers/ST/STM32F4_discovery/stm32f4_discovery.o
 .text.__UASX   0x080048c8       0x24 ./drivers/ST/STM32F4_discovery/stm32f4_discovery.o
 .text.__UQASX  0x080048ec       0x24 ./drivers/ST/STM32F4_discovery/stm32f4_discovery.o
 .text.__UHASX  0x08004910       0x24 ./drivers/ST/STM32F4_discovery/stm32f4_discovery.o
 .text.__SSAX   0x08004934       0x24 ./drivers/ST/STM32F4_discovery/stm32f4_discovery.o
 .text.__QSAX   0x08004958       0x24 ./drivers/ST/STM32F4_discovery/stm32f4_discovery.o
 .text.__SHSAX  0x0800497c       0x24 ./drivers/ST/STM32F4_discovery/stm32f4_discovery.o
 .text.__USAX   0x080049a0       0x24 ./drivers/ST/STM32F4_discovery/stm32f4_discovery.o
 .text.__UQSAX  0x080049c4       0x24 ./drivers/ST/STM32F4_discovery/stm32f4_discovery.o
 .text.__UHSAX  0x080049e8       0x24 ./drivers/ST/STM32F4_discovery/stm32f4_discovery.o
 .text.__USAD8  0x08004a0c       0x24 ./drivers/ST/STM32F4_discovery/stm32f4_discovery.o
 .text.__USADA8
                0x08004a30       0x28 ./drivers/ST/STM32F4_discovery/stm32f4_discovery.o
 .text.__UXTB16
                0x08004a58       0x20 ./drivers/ST/STM32F4_discovery/stm32f4_discovery.o
 .text.__UXTAB16
                0x08004a78       0x24 ./drivers/ST/STM32F4_discovery/stm32f4_discovery.o
 .text.__SXTB16
                0x08004a9c       0x20 ./drivers/ST/STM32F4_discovery/stm32f4_discovery.o
 .text.__SXTAB16
                0x08004abc       0x24 ./drivers/ST/STM32F4_discovery/stm32f4_discovery.o
 .text.__SMUAD  0x08004ae0       0x24 ./drivers/ST/STM32F4_discovery/stm32f4_discovery.o
 .text.__SMUADX
                0x08004b04       0x24 ./drivers/ST/STM32F4_discovery/stm32f4_discovery.o
 .text.__SMLAD  0x08004b28       0x28 ./drivers/ST/STM32F4_discovery/stm32f4_discovery.o
 .text.__SMLADX
                0x08004b50       0x28 ./drivers/ST/STM32F4_discovery/stm32f4_discovery.o
 .text.__SMUSD  0x08004b78       0x24 ./drivers/ST/STM32F4_discovery/stm32f4_discovery.o
 .text.__SMUSDX
                0x08004b9c       0x24 ./drivers/ST/STM32F4_discovery/stm32f4_discovery.o
 .text.__SMLSD  0x08004bc0       0x28 ./drivers/ST/STM32F4_discovery/stm32f4_discovery.o
 .text.__SMLSDX
                0x08004be8       0x28 ./drivers/ST/STM32F4_discovery/stm32f4_discovery.o
 .text.__SEL    0x08004c10       0x24 ./drivers/ST/STM32F4_discovery/stm32f4_discovery.o
 .text.__QADD   0x08004c34       0x24 ./drivers/ST/STM32F4_discovery/stm32f4_discovery.o
 .text.__QSUB   0x08004c58       0x24 ./drivers/ST/STM32F4_discovery/stm32f4_discovery.o
 .text.NVIC_SetPriorityGrouping
                0x08004c7c       0x50 ./drivers/ST/STM32F4_discovery/stm32f4_discovery.o
 .text.NVIC_GetPriorityGrouping
                0x08004ccc       0x20 ./drivers/ST/STM32F4_discovery/stm32f4_discovery.o
 .text.NVIC_EnableIRQ
                0x08004cec       0x38 ./drivers/ST/STM32F4_discovery/stm32f4_discovery.o
 .text.NVIC_DisableIRQ
                0x08004d24       0x3c ./drivers/ST/STM32F4_discovery/stm32f4_discovery.o
 .text.NVIC_GetPendingIRQ
                0x08004d60       0x4c ./drivers/ST/STM32F4_discovery/stm32f4_discovery.o
 .text.NVIC_SetPendingIRQ
                0x08004dac       0x3c ./drivers/ST/STM32F4_discovery/stm32f4_discovery.o
 .text.NVIC_ClearPendingIRQ
                0x08004de8       0x3c ./drivers/ST/STM32F4_discovery/stm32f4_discovery.o
 .text.NVIC_GetActive
                0x08004e24       0x4c ./drivers/ST/STM32F4_discovery/stm32f4_discovery.o
 .text.NVIC_SetPriority
                0x08004e70       0x5c ./drivers/ST/STM32F4_discovery/stm32f4_discovery.o
 .text.NVIC_GetPriority
                0x08004ecc       0x58 ./drivers/ST/STM32F4_discovery/stm32f4_discovery.o
 .text.NVIC_EncodePriority
                0x08004f24       0x78 ./drivers/ST/STM32F4_discovery/stm32f4_discovery.o
 .text.NVIC_DecodePriority
                0x08004f9c       0x7c ./drivers/ST/STM32F4_discovery/stm32f4_discovery.o
 .text.NVIC_SystemReset
                0x08005018       0x30 ./drivers/ST/STM32F4_discovery/stm32f4_discovery.o
 .text.SysTick_Config
                0x08005048       0x64 ./drivers/ST/STM32F4_discovery/stm32f4_discovery.o
 .text.ITM_SendChar
                0x080050ac       0x64 ./drivers/ST/STM32F4_discovery/stm32f4_discovery.o
 .text.ITM_ReceiveChar
                0x08005110       0x50 ./drivers/ST/STM32F4_discovery/stm32f4_discovery.o
 .text.ITM_CheckChar
                0x08005160       0x2c ./drivers/ST/STM32F4_discovery/stm32f4_discovery.o
 .text.STM_EVAL_LEDInit
                0x0800518c       0x6c ./drivers/ST/STM32F4_discovery/stm32f4_discovery.o
                0x0800518c                STM_EVAL_LEDInit
 .text.STM_EVAL_LEDOn
                0x080051f8       0x34 ./drivers/ST/STM32F4_discovery/stm32f4_discovery.o
                0x080051f8                STM_EVAL_LEDOn
 .text.STM_EVAL_LEDOff
                0x0800522c       0x34 ./drivers/ST/STM32F4_discovery/stm32f4_discovery.o
                0x0800522c                STM_EVAL_LEDOff
 .text.STM_EVAL_LEDToggle
                0x08005260       0x44 ./drivers/ST/STM32F4_discovery/stm32f4_discovery.o
                0x08005260                STM_EVAL_LEDToggle
 .text.STM_EVAL_PBInit
                0x080052a4       0xec ./drivers/ST/STM32F4_discovery/stm32f4_discovery.o
                0x080052a4                STM_EVAL_PBInit
 .text.STM_EVAL_PBGetState
                0x08005390       0x3c ./drivers/ST/STM32F4_discovery/stm32f4_discovery.o
                0x08005390                STM_EVAL_PBGetState
 .text.__NOP    0x080053cc        0xc ./drivers/ST/STM32F4_discovery/stm32f4_discovery_lis302dl.o
 .text.__WFI    0x080053d8        0xc ./drivers/ST/STM32F4_discovery/stm32f4_discovery_lis302dl.o
 .text.__WFE    0x080053e4        0xc ./drivers/ST/STM32F4_discovery/stm32f4_discovery_lis302dl.o
 .text.__SEV    0x080053f0        0xc ./drivers/ST/STM32F4_discovery/stm32f4_discovery_lis302dl.o
 .text.__ISB    0x080053fc       0x10 ./drivers/ST/STM32F4_discovery/stm32f4_discovery_lis302dl.o
 .text.__DSB    0x0800540c       0x10 ./drivers/ST/STM32F4_discovery/stm32f4_discovery_lis302dl.o
 .text.__DMB    0x0800541c       0x10 ./drivers/ST/STM32F4_discovery/stm32f4_discovery_lis302dl.o
 .text.__REV    0x0800542c       0x1c ./drivers/ST/STM32F4_discovery/stm32f4_discovery_lis302dl.o
 .text.__REV16  0x08005448       0x1c ./drivers/ST/STM32F4_discovery/stm32f4_discovery_lis302dl.o
 .text.__REVSH  0x08005464       0x1c ./drivers/ST/STM32F4_discovery/stm32f4_discovery_lis302dl.o
 .text.__RBIT   0x08005480       0x20 ./drivers/ST/STM32F4_discovery/stm32f4_discovery_lis302dl.o
 .text.__LDREXB
                0x080054a0       0x20 ./drivers/ST/STM32F4_discovery/stm32f4_discovery_lis302dl.o
 .text.__LDREXH
                0x080054c0       0x20 ./drivers/ST/STM32F4_discovery/stm32f4_discovery_lis302dl.o
 .text.__LDREXW
                0x080054e0       0x20 ./drivers/ST/STM32F4_discovery/stm32f4_discovery_lis302dl.o
 .text.__STREXB
                0x08005500       0x24 ./drivers/ST/STM32F4_discovery/stm32f4_discovery_lis302dl.o
 .text.__STREXH
                0x08005524       0x24 ./drivers/ST/STM32F4_discovery/stm32f4_discovery_lis302dl.o
 .text.__STREXW
                0x08005548       0x24 ./drivers/ST/STM32F4_discovery/stm32f4_discovery_lis302dl.o
 .text.__CLREX  0x0800556c       0x10 ./drivers/ST/STM32F4_discovery/stm32f4_discovery_lis302dl.o
 .text.__CLZ    0x0800557c       0x20 ./drivers/ST/STM32F4_discovery/stm32f4_discovery_lis302dl.o
 .text.__enable_irq
                0x0800559c        0xc ./drivers/ST/STM32F4_discovery/stm32f4_discovery_lis302dl.o
 .text.__disable_irq
                0x080055a8        0xc ./drivers/ST/STM32F4_discovery/stm32f4_discovery_lis302dl.o
 .text.__get_CONTROL
                0x080055b4       0x1c ./drivers/ST/STM32F4_discovery/stm32f4_discovery_lis302dl.o
 .text.__set_CONTROL
                0x080055d0       0x18 ./drivers/ST/STM32F4_discovery/stm32f4_discovery_lis302dl.o
 .text.__get_IPSR
                0x080055e8       0x1c ./drivers/ST/STM32F4_discovery/stm32f4_discovery_lis302dl.o
 .text.__get_APSR
                0x08005604       0x1c ./drivers/ST/STM32F4_discovery/stm32f4_discovery_lis302dl.o
 .text.__get_xPSR
                0x08005620       0x1c ./drivers/ST/STM32F4_discovery/stm32f4_discovery_lis302dl.o
 .text.__get_PSP
                0x0800563c       0x14 ./drivers/ST/STM32F4_discovery/stm32f4_discovery_lis302dl.o
 .text.__set_PSP
                0x08005650       0x18 ./drivers/ST/STM32F4_discovery/stm32f4_discovery_lis302dl.o
 .text.__get_MSP
                0x08005668       0x14 ./drivers/ST/STM32F4_discovery/stm32f4_discovery_lis302dl.o
 .text.__set_MSP
                0x0800567c       0x18 ./drivers/ST/STM32F4_discovery/stm32f4_discovery_lis302dl.o
 .text.__get_PRIMASK
                0x08005694       0x1c ./drivers/ST/STM32F4_discovery/stm32f4_discovery_lis302dl.o
 .text.__set_PRIMASK
                0x080056b0       0x18 ./drivers/ST/STM32F4_discovery/stm32f4_discovery_lis302dl.o
 .text.__enable_fault_irq
                0x080056c8        0xc ./drivers/ST/STM32F4_discovery/stm32f4_discovery_lis302dl.o
 .text.__disable_fault_irq
                0x080056d4        0xc ./drivers/ST/STM32F4_discovery/stm32f4_discovery_lis302dl.o
 .text.__get_BASEPRI
                0x080056e0       0x1c ./drivers/ST/STM32F4_discovery/stm32f4_discovery_lis302dl.o
 .text.__set_BASEPRI
                0x080056fc       0x18 ./drivers/ST/STM32F4_discovery/stm32f4_discovery_lis302dl.o
 .text.__get_FAULTMASK
                0x08005714       0x1c ./drivers/ST/STM32F4_discovery/stm32f4_discovery_lis302dl.o
 .text.__set_FAULTMASK
                0x08005730       0x18 ./drivers/ST/STM32F4_discovery/stm32f4_discovery_lis302dl.o
 .text.__get_FPSCR
                0x08005748       0x10 ./drivers/ST/STM32F4_discovery/stm32f4_discovery_lis302dl.o
 .text.__set_FPSCR
                0x08005758       0x14 ./drivers/ST/STM32F4_discovery/stm32f4_discovery_lis302dl.o
 .text.__SADD8  0x0800576c       0x24 ./drivers/ST/STM32F4_discovery/stm32f4_discovery_lis302dl.o
 .text.__QADD8  0x08005790       0x24 ./drivers/ST/STM32F4_discovery/stm32f4_discovery_lis302dl.o
 .text.__SHADD8
                0x080057b4       0x24 ./drivers/ST/STM32F4_discovery/stm32f4_discovery_lis302dl.o
 .text.__UADD8  0x080057d8       0x24 ./drivers/ST/STM32F4_discovery/stm32f4_discovery_lis302dl.o
 .text.__UQADD8
                0x080057fc       0x24 ./drivers/ST/STM32F4_discovery/stm32f4_discovery_lis302dl.o
 .text.__UHADD8
                0x08005820       0x24 ./drivers/ST/STM32F4_discovery/stm32f4_discovery_lis302dl.o
 .text.__SSUB8  0x08005844       0x24 ./drivers/ST/STM32F4_discovery/stm32f4_discovery_lis302dl.o
 .text.__QSUB8  0x08005868       0x24 ./drivers/ST/STM32F4_discovery/stm32f4_discovery_lis302dl.o
 .text.__SHSUB8
                0x0800588c       0x24 ./drivers/ST/STM32F4_discovery/stm32f4_discovery_lis302dl.o
 .text.__USUB8  0x080058b0       0x24 ./drivers/ST/STM32F4_discovery/stm32f4_discovery_lis302dl.o
 .text.__UQSUB8
                0x080058d4       0x24 ./drivers/ST/STM32F4_discovery/stm32f4_discovery_lis302dl.o
 .text.__UHSUB8
                0x080058f8       0x24 ./drivers/ST/STM32F4_discovery/stm32f4_discovery_lis302dl.o
 .text.__SADD16
                0x0800591c       0x24 ./drivers/ST/STM32F4_discovery/stm32f4_discovery_lis302dl.o
 .text.__QADD16
                0x08005940       0x24 ./drivers/ST/STM32F4_discovery/stm32f4_discovery_lis302dl.o
 .text.__SHADD16
                0x08005964       0x24 ./drivers/ST/STM32F4_discovery/stm32f4_discovery_lis302dl.o
 .text.__UADD16
                0x08005988       0x24 ./drivers/ST/STM32F4_discovery/stm32f4_discovery_lis302dl.o
 .text.__UQADD16
                0x080059ac       0x24 ./drivers/ST/STM32F4_discovery/stm32f4_discovery_lis302dl.o
 .text.__UHADD16
                0x080059d0       0x24 ./drivers/ST/STM32F4_discovery/stm32f4_discovery_lis302dl.o
 .text.__SSUB16
                0x080059f4       0x24 ./drivers/ST/STM32F4_discovery/stm32f4_discovery_lis302dl.o
 .text.__QSUB16
                0x08005a18       0x24 ./drivers/ST/STM32F4_discovery/stm32f4_discovery_lis302dl.o
 .text.__SHSUB16
                0x08005a3c       0x24 ./drivers/ST/STM32F4_discovery/stm32f4_discovery_lis302dl.o
 .text.__USUB16
                0x08005a60       0x24 ./drivers/ST/STM32F4_discovery/stm32f4_discovery_lis302dl.o
 .text.__UQSUB16
                0x08005a84       0x24 ./drivers/ST/STM32F4_discovery/stm32f4_discovery_lis302dl.o
 .text.__UHSUB16
                0x08005aa8       0x24 ./drivers/ST/STM32F4_discovery/stm32f4_discovery_lis302dl.o
 .text.__SASX   0x08005acc       0x24 ./drivers/ST/STM32F4_discovery/stm32f4_discovery_lis302dl.o
 .text.__QASX   0x08005af0       0x24 ./drivers/ST/STM32F4_discovery/stm32f4_discovery_lis302dl.o
 .text.__SHASX  0x08005b14       0x24 ./drivers/ST/STM32F4_discovery/stm32f4_discovery_lis302dl.o
 .text.__UASX   0x08005b38       0x24 ./drivers/ST/STM32F4_discovery/stm32f4_discovery_lis302dl.o
 .text.__UQASX  0x08005b5c       0x24 ./drivers/ST/STM32F4_discovery/stm32f4_discovery_lis302dl.o
 .text.__UHASX  0x08005b80       0x24 ./drivers/ST/STM32F4_discovery/stm32f4_discovery_lis302dl.o
 .text.__SSAX   0x08005ba4       0x24 ./drivers/ST/STM32F4_discovery/stm32f4_discovery_lis302dl.o
 .text.__QSAX   0x08005bc8       0x24 ./drivers/ST/STM32F4_discovery/stm32f4_discovery_lis302dl.o
 .text.__SHSAX  0x08005bec       0x24 ./drivers/ST/STM32F4_discovery/stm32f4_discovery_lis302dl.o
 .text.__USAX   0x08005c10       0x24 ./drivers/ST/STM32F4_discovery/stm32f4_discovery_lis302dl.o
 .text.__UQSAX  0x08005c34       0x24 ./drivers/ST/STM32F4_discovery/stm32f4_discovery_lis302dl.o
 .text.__UHSAX  0x08005c58       0x24 ./drivers/ST/STM32F4_discovery/stm32f4_discovery_lis302dl.o
 .text.__USAD8  0x08005c7c       0x24 ./drivers/ST/STM32F4_discovery/stm32f4_discovery_lis302dl.o
 .text.__USADA8
                0x08005ca0       0x28 ./drivers/ST/STM32F4_discovery/stm32f4_discovery_lis302dl.o
 .text.__UXTB16
                0x08005cc8       0x20 ./drivers/ST/STM32F4_discovery/stm32f4_discovery_lis302dl.o
 .text.__UXTAB16
                0x08005ce8       0x24 ./drivers/ST/STM32F4_discovery/stm32f4_discovery_lis302dl.o
 .text.__SXTB16
                0x08005d0c       0x20 ./drivers/ST/STM32F4_discovery/stm32f4_discovery_lis302dl.o
 .text.__SXTAB16
                0x08005d2c       0x24 ./drivers/ST/STM32F4_discovery/stm32f4_discovery_lis302dl.o
 .text.__SMUAD  0x08005d50       0x24 ./drivers/ST/STM32F4_discovery/stm32f4_discovery_lis302dl.o
 .text.__SMUADX
                0x08005d74       0x24 ./drivers/ST/STM32F4_discovery/stm32f4_discovery_lis302dl.o
 .text.__SMLAD  0x08005d98       0x28 ./drivers/ST/STM32F4_discovery/stm32f4_discovery_lis302dl.o
 .text.__SMLADX
                0x08005dc0       0x28 ./drivers/ST/STM32F4_discovery/stm32f4_discovery_lis302dl.o
 .text.__SMUSD  0x08005de8       0x24 ./drivers/ST/STM32F4_discovery/stm32f4_discovery_lis302dl.o
 .text.__SMUSDX
                0x08005e0c       0x24 ./drivers/ST/STM32F4_discovery/stm32f4_discovery_lis302dl.o
 .text.__SMLSD  0x08005e30       0x28 ./drivers/ST/STM32F4_discovery/stm32f4_discovery_lis302dl.o
 .text.__SMLSDX
                0x08005e58       0x28 ./drivers/ST/STM32F4_discovery/stm32f4_discovery_lis302dl.o
 .text.__SEL    0x08005e80       0x24 ./drivers/ST/STM32F4_discovery/stm32f4_discovery_lis302dl.o
 .text.__QADD   0x08005ea4       0x24 ./drivers/ST/STM32F4_discovery/stm32f4_discovery_lis302dl.o
 .text.__QSUB   0x08005ec8       0x24 ./drivers/ST/STM32F4_discovery/stm32f4_discovery_lis302dl.o
 .text.NVIC_SetPriorityGrouping
                0x08005eec       0x50 ./drivers/ST/STM32F4_discovery/stm32f4_discovery_lis302dl.o
 .text.NVIC_GetPriorityGrouping
                0x08005f3c       0x20 ./drivers/ST/STM32F4_discovery/stm32f4_discovery_lis302dl.o
 .text.NVIC_EnableIRQ
                0x08005f5c       0x38 ./drivers/ST/STM32F4_discovery/stm32f4_discovery_lis302dl.o
 .text.NVIC_DisableIRQ
                0x08005f94       0x3c ./drivers/ST/STM32F4_discovery/stm32f4_discovery_lis302dl.o
 .text.NVIC_GetPendingIRQ
                0x08005fd0       0x4c ./drivers/ST/STM32F4_discovery/stm32f4_discovery_lis302dl.o
 .text.NVIC_SetPendingIRQ
                0x0800601c       0x3c ./drivers/ST/STM32F4_discovery/stm32f4_discovery_lis302dl.o
 .text.NVIC_ClearPendingIRQ
                0x08006058       0x3c ./drivers/ST/STM32F4_discovery/stm32f4_discovery_lis302dl.o
 .text.NVIC_GetActive
                0x08006094       0x4c ./drivers/ST/STM32F4_discovery/stm32f4_discovery_lis302dl.o
 .text.NVIC_SetPriority
                0x080060e0       0x5c ./drivers/ST/STM32F4_discovery/stm32f4_discovery_lis302dl.o
 .text.NVIC_GetPriority
                0x0800613c       0x58 ./drivers/ST/STM32F4_discovery/stm32f4_discovery_lis302dl.o
 .text.NVIC_EncodePriority
                0x08006194       0x78 ./drivers/ST/STM32F4_discovery/stm32f4_discovery_lis302dl.o
 .text.NVIC_DecodePriority
                0x0800620c       0x7c ./drivers/ST/STM32F4_discovery/stm32f4_discovery_lis302dl.o
 .text.NVIC_SystemReset
                0x08006288       0x30 ./drivers/ST/STM32F4_discovery/stm32f4_discovery_lis302dl.o
 .text.SysTick_Config
                0x080062b8       0x64 ./drivers/ST/STM32F4_discovery/stm32f4_discovery_lis302dl.o
 .text.ITM_SendChar
                0x0800631c       0x64 ./drivers/ST/STM32F4_discovery/stm32f4_discovery_lis302dl.o
 .text.ITM_ReceiveChar
                0x08006380       0x50 ./drivers/ST/STM32F4_discovery/stm32f4_discovery_lis302dl.o
 .text.ITM_CheckChar
                0x080063d0       0x2c ./drivers/ST/STM32F4_discovery/stm32f4_discovery_lis302dl.o
 .text.LIS302DL_Init
                0x080063fc       0x54 ./drivers/ST/STM32F4_discovery/stm32f4_discovery_lis302dl.o
                0x080063fc                LIS302DL_Init
 .text.LIS302DL_FilterConfig
                0x08006450       0x60 ./drivers/ST/STM32F4_discovery/stm32f4_discovery_lis302dl.o
                0x08006450                LIS302DL_FilterConfig
 .text.LIS302DL_InterruptConfig
                0x080064b0       0x50 ./drivers/ST/STM32F4_discovery/stm32f4_discovery_lis302dl.o
                0x080064b0                LIS302DL_InterruptConfig
 .text.LIS302DL_LowpowerCmd
                0x08006500       0x4c ./drivers/ST/STM32F4_discovery/stm32f4_discovery_lis302dl.o
                0x08006500                LIS302DL_LowpowerCmd
 .text.LIS302DL_DataRateCmd
                0x0800654c       0x4c ./drivers/ST/STM32F4_discovery/stm32f4_discovery_lis302dl.o
                0x0800654c                LIS302DL_DataRateCmd
 .text.LIS302DL_FullScaleCmd
                0x08006598       0x4c ./drivers/ST/STM32F4_discovery/stm32f4_discovery_lis302dl.o
                0x08006598                LIS302DL_FullScaleCmd
 .text.LIS302DL_RebootCmd
                0x080065e4       0x3c ./drivers/ST/STM32F4_discovery/stm32f4_discovery_lis302dl.o
                0x080065e4                LIS302DL_RebootCmd
 .text.LIS302DL_Write
                0x08006620       0x70 ./drivers/ST/STM32F4_discovery/stm32f4_discovery_lis302dl.o
                0x08006620                LIS302DL_Write
 .text.LIS302DL_Read
                0x08006690       0x80 ./drivers/ST/STM32F4_discovery/stm32f4_discovery_lis302dl.o
                0x08006690                LIS302DL_Read
 .text.LIS302DL_ReadACC
                0x08006710       0xd8 ./drivers/ST/STM32F4_discovery/stm32f4_discovery_lis302dl.o
                0x08006710                LIS302DL_ReadACC
 .text.LIS302DL_LowLevel_Init
                0x080067e8      0x1cc ./drivers/ST/STM32F4_discovery/stm32f4_discovery_lis302dl.o
 .text.LIS302DL_SendByte
                0x080069b4       0xe4 ./drivers/ST/STM32F4_discovery/stm32f4_discovery_lis302dl.o
 .text.__NOP    0x08006a98        0xc ./drivers/ST/STM32F4xx_StdPeriph_Driver/src/stm32f4xx_syscfg.o
 .text.__WFI    0x08006aa4        0xc ./drivers/ST/STM32F4xx_StdPeriph_Driver/src/stm32f4xx_syscfg.o
 .text.__WFE    0x08006ab0        0xc ./drivers/ST/STM32F4xx_StdPeriph_Driver/src/stm32f4xx_syscfg.o
 .text.__SEV    0x08006abc        0xc ./drivers/ST/STM32F4xx_StdPeriph_Driver/src/stm32f4xx_syscfg.o
 .text.__ISB    0x08006ac8       0x10 ./drivers/ST/STM32F4xx_StdPeriph_Driver/src/stm32f4xx_syscfg.o
 .text.__DSB    0x08006ad8       0x10 ./drivers/ST/STM32F4xx_StdPeriph_Driver/src/stm32f4xx_syscfg.o
 .text.__DMB    0x08006ae8       0x10 ./drivers/ST/STM32F4xx_StdPeriph_Driver/src/stm32f4xx_syscfg.o
 .text.__REV    0x08006af8       0x1c ./drivers/ST/STM32F4xx_StdPeriph_Driver/src/stm32f4xx_syscfg.o
 .text.__REV16  0x08006b14       0x1c ./drivers/ST/STM32F4xx_StdPeriph_Driver/src/stm32f4xx_syscfg.o
 .text.__REVSH  0x08006b30       0x1c ./drivers/ST/STM32F4xx_StdPeriph_Driver/src/stm32f4xx_syscfg.o
 .text.__RBIT   0x08006b4c       0x20 ./drivers/ST/STM32F4xx_StdPeriph_Driver/src/stm32f4xx_syscfg.o
 .text.__LDREXB
                0x08006b6c       0x20 ./drivers/ST/STM32F4xx_StdPeriph_Driver/src/stm32f4xx_syscfg.o
 .text.__LDREXH
                0x08006b8c       0x20 ./drivers/ST/STM32F4xx_StdPeriph_Driver/src/stm32f4xx_syscfg.o
 .text.__LDREXW
                0x08006bac       0x20 ./drivers/ST/STM32F4xx_StdPeriph_Driver/src/stm32f4xx_syscfg.o
 .text.__STREXB
                0x08006bcc       0x24 ./drivers/ST/STM32F4xx_StdPeriph_Driver/src/stm32f4xx_syscfg.o
 .text.__STREXH
                0x08006bf0       0x24 ./drivers/ST/STM32F4xx_StdPeriph_Driver/src/stm32f4xx_syscfg.o
 .text.__STREXW
                0x08006c14       0x24 ./drivers/ST/STM32F4xx_StdPeriph_Driver/src/stm32f4xx_syscfg.o
 .text.__CLREX  0x08006c38       0x10 ./drivers/ST/STM32F4xx_StdPeriph_Driver/src/stm32f4xx_syscfg.o
 .text.__CLZ    0x08006c48       0x20 ./drivers/ST/STM32F4xx_StdPeriph_Driver/src/stm32f4xx_syscfg.o
 .text.__enable_irq
                0x08006c68        0xc ./drivers/ST/STM32F4xx_StdPeriph_Driver/src/stm32f4xx_syscfg.o
 .text.__disable_irq
                0x08006c74        0xc ./drivers/ST/STM32F4xx_StdPeriph_Driver/src/stm32f4xx_syscfg.o
 .text.__get_CONTROL
                0x08006c80       0x1c ./drivers/ST/STM32F4xx_StdPeriph_Driver/src/stm32f4xx_syscfg.o
 .text.__set_CONTROL
                0x08006c9c       0x18 ./drivers/ST/STM32F4xx_StdPeriph_Driver/src/stm32f4xx_syscfg.o
 .text.__get_IPSR
                0x08006cb4       0x1c ./drivers/ST/STM32F4xx_StdPeriph_Driver/src/stm32f4xx_syscfg.o
 .text.__get_APSR
                0x08006cd0       0x1c ./drivers/ST/STM32F4xx_StdPeriph_Driver/src/stm32f4xx_syscfg.o
 .text.__get_xPSR
                0x08006cec       0x1c ./drivers/ST/STM32F4xx_StdPeriph_Driver/src/stm32f4xx_syscfg.o
 .text.__get_PSP
                0x08006d08       0x14 ./drivers/ST/STM32F4xx_StdPeriph_Driver/src/stm32f4xx_syscfg.o
 .text.__set_PSP
                0x08006d1c       0x18 ./drivers/ST/STM32F4xx_StdPeriph_Driver/src/stm32f4xx_syscfg.o
 .text.__get_MSP
                0x08006d34       0x14 ./drivers/ST/STM32F4xx_StdPeriph_Driver/src/stm32f4xx_syscfg.o
 .text.__set_MSP
                0x08006d48       0x18 ./drivers/ST/STM32F4xx_StdPeriph_Driver/src/stm32f4xx_syscfg.o
 .text.__get_PRIMASK
                0x08006d60       0x1c ./drivers/ST/STM32F4xx_StdPeriph_Driver/src/stm32f4xx_syscfg.o
 .text.__set_PRIMASK
                0x08006d7c       0x18 ./drivers/ST/STM32F4xx_StdPeriph_Driver/src/stm32f4xx_syscfg.o
 .text.__enable_fault_irq
                0x08006d94        0xc ./drivers/ST/STM32F4xx_StdPeriph_Driver/src/stm32f4xx_syscfg.o
 .text.__disable_fault_irq
                0x08006da0        0xc ./drivers/ST/STM32F4xx_StdPeriph_Driver/src/stm32f4xx_syscfg.o
 .text.__get_BASEPRI
                0x08006dac       0x1c ./drivers/ST/STM32F4xx_StdPeriph_Driver/src/stm32f4xx_syscfg.o
 .text.__set_BASEPRI
                0x08006dc8       0x18 ./drivers/ST/STM32F4xx_StdPeriph_Driver/src/stm32f4xx_syscfg.o
 .text.__get_FAULTMASK
                0x08006de0       0x1c ./drivers/ST/STM32F4xx_StdPeriph_Driver/src/stm32f4xx_syscfg.o
 .text.__set_FAULTMASK
                0x08006dfc       0x18 ./drivers/ST/STM32F4xx_StdPeriph_Driver/src/stm32f4xx_syscfg.o
 .text.__get_FPSCR
                0x08006e14       0x10 ./drivers/ST/STM32F4xx_StdPeriph_Driver/src/stm32f4xx_syscfg.o
 .text.__set_FPSCR
                0x08006e24       0x14 ./drivers/ST/STM32F4xx_StdPeriph_Driver/src/stm32f4xx_syscfg.o
 .text.__SADD8  0x08006e38       0x24 ./drivers/ST/STM32F4xx_StdPeriph_Driver/src/stm32f4xx_syscfg.o
 .text.__QADD8  0x08006e5c       0x24 ./drivers/ST/STM32F4xx_StdPeriph_Driver/src/stm32f4xx_syscfg.o
 .text.__SHADD8
                0x08006e80       0x24 ./drivers/ST/STM32F4xx_StdPeriph_Driver/src/stm32f4xx_syscfg.o
 .text.__UADD8  0x08006ea4       0x24 ./drivers/ST/STM32F4xx_StdPeriph_Driver/src/stm32f4xx_syscfg.o
 .text.__UQADD8
                0x08006ec8       0x24 ./drivers/ST/STM32F4xx_StdPeriph_Driver/src/stm32f4xx_syscfg.o
 .text.__UHADD8
                0x08006eec       0x24 ./drivers/ST/STM32F4xx_StdPeriph_Driver/src/stm32f4xx_syscfg.o
 .text.__SSUB8  0x08006f10       0x24 ./drivers/ST/STM32F4xx_StdPeriph_Driver/src/stm32f4xx_syscfg.o
 .text.__QSUB8  0x08006f34       0x24 ./drivers/ST/STM32F4xx_StdPeriph_Driver/src/stm32f4xx_syscfg.o
 .text.__SHSUB8
                0x08006f58       0x24 ./drivers/ST/STM32F4xx_StdPeriph_Driver/src/stm32f4xx_syscfg.o
 .text.__USUB8  0x08006f7c       0x24 ./drivers/ST/STM32F4xx_StdPeriph_Driver/src/stm32f4xx_syscfg.o
 .text.__UQSUB8
                0x08006fa0       0x24 ./drivers/ST/STM32F4xx_StdPeriph_Driver/src/stm32f4xx_syscfg.o
 .text.__UHSUB8
                0x08006fc4       0x24 ./drivers/ST/STM32F4xx_StdPeriph_Driver/src/stm32f4xx_syscfg.o
 .text.__SADD16
                0x08006fe8       0x24 ./drivers/ST/STM32F4xx_StdPeriph_Driver/src/stm32f4xx_syscfg.o
 .text.__QADD16
                0x0800700c       0x24 ./drivers/ST/STM32F4xx_StdPeriph_Driver/src/stm32f4xx_syscfg.o
 .text.__SHADD16
                0x08007030       0x24 ./drivers/ST/STM32F4xx_StdPeriph_Driver/src/stm32f4xx_syscfg.o
 .text.__UADD16
                0x08007054       0x24 ./drivers/ST/STM32F4xx_StdPeriph_Driver/src/stm32f4xx_syscfg.o
 .text.__UQADD16
                0x08007078       0x24 ./drivers/ST/STM32F4xx_StdPeriph_Driver/src/stm32f4xx_syscfg.o
 .text.__UHADD16
                0x0800709c       0x24 ./drivers/ST/STM32F4xx_StdPeriph_Driver/src/stm32f4xx_syscfg.o
 .text.__SSUB16
                0x080070c0       0x24 ./drivers/ST/STM32F4xx_StdPeriph_Driver/src/stm32f4xx_syscfg.o
 .text.__QSUB16
                0x080070e4       0x24 ./drivers/ST/STM32F4xx_StdPeriph_Driver/src/stm32f4xx_syscfg.o
 .text.__SHSUB16
                0x08007108       0x24 ./drivers/ST/STM32F4xx_StdPeriph_Driver/src/stm32f4xx_syscfg.o
 .text.__USUB16
                0x0800712c       0x24 ./drivers/ST/STM32F4xx_StdPeriph_Driver/src/stm32f4xx_syscfg.o
 .text.__UQSUB16
                0x08007150       0x24 ./drivers/ST/STM32F4xx_StdPeriph_Driver/src/stm32f4xx_syscfg.o
 .text.__UHSUB16
                0x08007174       0x24 ./drivers/ST/STM32F4xx_StdPeriph_Driver/src/stm32f4xx_syscfg.o
 .text.__SASX   0x08007198       0x24 ./drivers/ST/STM32F4xx_StdPeriph_Driver/src/stm32f4xx_syscfg.o
 .text.__QASX   0x080071bc       0x24 ./drivers/ST/STM32F4xx_StdPeriph_Driver/src/stm32f4xx_syscfg.o
 .text.__SHASX  0x080071e0       0x24 ./drivers/ST/STM32F4xx_StdPeriph_Driver/src/stm32f4xx_syscfg.o
 .text.__UASX   0x08007204       0x24 ./drivers/ST/STM32F4xx_StdPeriph_Driver/src/stm32f4xx_syscfg.o
 .text.__UQASX  0x08007228       0x24 ./drivers/ST/STM32F4xx_StdPeriph_Driver/src/stm32f4xx_syscfg.o
 .text.__UHASX  0x0800724c       0x24 ./drivers/ST/STM32F4xx_StdPeriph_Driver/src/stm32f4xx_syscfg.o
 .text.__SSAX   0x08007270       0x24 ./drivers/ST/STM32F4xx_StdPeriph_Driver/src/stm32f4xx_syscfg.o
 .text.__QSAX   0x08007294       0x24 ./drivers/ST/STM32F4xx_StdPeriph_Driver/src/stm32f4xx_syscfg.o
 .text.__SHSAX  0x080072b8       0x24 ./drivers/ST/STM32F4xx_StdPeriph_Driver/src/stm32f4xx_syscfg.o
 .text.__USAX   0x080072dc       0x24 ./drivers/ST/STM32F4xx_StdPeriph_Driver/src/stm32f4xx_syscfg.o
 .text.__UQSAX  0x08007300       0x24 ./drivers/ST/STM32F4xx_StdPeriph_Driver/src/stm32f4xx_syscfg.o
 .text.__UHSAX  0x08007324       0x24 ./drivers/ST/STM32F4xx_StdPeriph_Driver/src/stm32f4xx_syscfg.o
 .text.__USAD8  0x08007348       0x24 ./drivers/ST/STM32F4xx_StdPeriph_Driver/src/stm32f4xx_syscfg.o
 .text.__USADA8
                0x0800736c       0x28 ./drivers/ST/STM32F4xx_StdPeriph_Driver/src/stm32f4xx_syscfg.o
 .text.__UXTB16
                0x08007394       0x20 ./drivers/ST/STM32F4xx_StdPeriph_Driver/src/stm32f4xx_syscfg.o
 .text.__UXTAB16
                0x080073b4       0x24 ./drivers/ST/STM32F4xx_StdPeriph_Driver/src/stm32f4xx_syscfg.o
 .text.__SXTB16
                0x080073d8       0x20 ./drivers/ST/STM32F4xx_StdPeriph_Driver/src/stm32f4xx_syscfg.o
 .text.__SXTAB16
                0x080073f8       0x24 ./drivers/ST/STM32F4xx_StdPeriph_Driver/src/stm32f4xx_syscfg.o
 .text.__SMUAD  0x0800741c       0x24 ./drivers/ST/STM32F4xx_StdPeriph_Driver/src/stm32f4xx_syscfg.o
 .text.__SMUADX
                0x08007440       0x24 ./drivers/ST/STM32F4xx_StdPeriph_Driver/src/stm32f4xx_syscfg.o
 .text.__SMLAD  0x08007464       0x28 ./drivers/ST/STM32F4xx_StdPeriph_Driver/src/stm32f4xx_syscfg.o
 .text.__SMLADX
                0x0800748c       0x28 ./drivers/ST/STM32F4xx_StdPeriph_Driver/src/stm32f4xx_syscfg.o
 .text.__SMUSD  0x080074b4       0x24 ./drivers/ST/STM32F4xx_StdPeriph_Driver/src/stm32f4xx_syscfg.o
 .text.__SMUSDX
                0x080074d8       0x24 ./drivers/ST/STM32F4xx_StdPeriph_Driver/src/stm32f4xx_syscfg.o
 .text.__SMLSD  0x080074fc       0x28 ./drivers/ST/STM32F4xx_StdPeriph_Driver/src/stm32f4xx_syscfg.o
 .text.__SMLSDX
                0x08007524       0x28 ./drivers/ST/STM32F4xx_StdPeriph_Driver/src/stm32f4xx_syscfg.o
 .text.__SEL    0x0800754c       0x24 ./drivers/ST/STM32F4xx_StdPeriph_Driver/src/stm32f4xx_syscfg.o
 .text.__QADD   0x08007570       0x24 ./drivers/ST/STM32F4xx_StdPeriph_Driver/src/stm32f4xx_syscfg.o
 .text.__QSUB   0x08007594       0x24 ./drivers/ST/STM32F4xx_StdPeriph_Driver/src/stm32f4xx_syscfg.o
 .text.NVIC_SetPriorityGrouping
                0x080075b8       0x50 ./drivers/ST/STM32F4xx_StdPeriph_Driver/src/stm32f4xx_syscfg.o
 .text.NVIC_GetPriorityGrouping
                0x08007608       0x20 ./drivers/ST/STM32F4xx_StdPeriph_Driver/src/stm32f4xx_syscfg.o
 .text.NVIC_EnableIRQ
                0x08007628       0x38 ./drivers/ST/STM32F4xx_StdPeriph_Driver/src/stm32f4xx_syscfg.o
 .text.NVIC_DisableIRQ
                0x08007660       0x3c ./drivers/ST/STM32F4xx_StdPeriph_Driver/src/stm32f4xx_syscfg.o
 .text.NVIC_GetPendingIRQ
                0x0800769c       0x4c ./drivers/ST/STM32F4xx_StdPeriph_Driver/src/stm32f4xx_syscfg.o
 .text.NVIC_SetPendingIRQ
                0x080076e8       0x3c ./drivers/ST/STM32F4xx_StdPeriph_Driver/src/stm32f4xx_syscfg.o
 .text.NVIC_ClearPendingIRQ
                0x08007724       0x3c ./drivers/ST/STM32F4xx_StdPeriph_Driver/src/stm32f4xx_syscfg.o
 .text.NVIC_GetActive
                0x08007760       0x4c ./drivers/ST/STM32F4xx_StdPeriph_Driver/src/stm32f4xx_syscfg.o
 .text.NVIC_SetPriority
                0x080077ac       0x5c ./drivers/ST/STM32F4xx_StdPeriph_Driver/src/stm32f4xx_syscfg.o
 .text.NVIC_GetPriority
                0x08007808       0x58 ./drivers/ST/STM32F4xx_StdPeriph_Driver/src/stm32f4xx_syscfg.o
 .text.NVIC_EncodePriority
                0x08007860       0x78 ./drivers/ST/STM32F4xx_StdPeriph_Driver/src/stm32f4xx_syscfg.o
 .text.NVIC_DecodePriority
                0x080078d8       0x7c ./drivers/ST/STM32F4xx_StdPeriph_Driver/src/stm32f4xx_syscfg.o
 .text.NVIC_SystemReset
                0x08007954       0x30 ./drivers/ST/STM32F4xx_StdPeriph_Driver/src/stm32f4xx_syscfg.o
 .text.SysTick_Config
                0x08007984       0x64 ./drivers/ST/STM32F4xx_StdPeriph_Driver/src/stm32f4xx_syscfg.o
 .text.ITM_SendChar
                0x080079e8       0x64 ./drivers/ST/STM32F4xx_StdPeriph_Driver/src/stm32f4xx_syscfg.o
 .text.ITM_ReceiveChar
                0x08007a4c       0x50 ./drivers/ST/STM32F4xx_StdPeriph_Driver/src/stm32f4xx_syscfg.o
 .text.ITM_CheckChar
                0x08007a9c       0x2c ./drivers/ST/STM32F4xx_StdPeriph_Driver/src/stm32f4xx_syscfg.o
 .text.SYSCFG_DeInit
                0x08007ac8       0x20 ./drivers/ST/STM32F4xx_StdPeriph_Driver/src/stm32f4xx_syscfg.o
                0x08007ac8                SYSCFG_DeInit
 .text.SYSCFG_MemoryRemapConfig
                0x08007ae8       0x20 ./drivers/ST/STM32F4xx_StdPeriph_Driver/src/stm32f4xx_syscfg.o
                0x08007ae8                SYSCFG_MemoryRemapConfig
 .text.SYSCFG_EXTILineConfig
                0x08007b08       0xb0 ./drivers/ST/STM32F4xx_StdPeriph_Driver/src/stm32f4xx_syscfg.o
                0x08007b08                SYSCFG_EXTILineConfig
 .text.SYSCFG_ETH_MediaInterfaceConfig
                0x08007bb8       0x20 ./drivers/ST/STM32F4xx_StdPeriph_Driver/src/stm32f4xx_syscfg.o
                0x08007bb8                SYSCFG_ETH_MediaInterfaceConfig
 .text.SYSCFG_CompensationCellCmd
                0x08007bd8       0x20 ./drivers/ST/STM32F4xx_StdPeriph_Driver/src/stm32f4xx_syscfg.o
                0x08007bd8                SYSCFG_CompensationCellCmd
 .text.SYSCFG_GetCompensationCellStatus
                0x08007bf8       0x3c ./drivers/ST/STM32F4xx_StdPeriph_Driver/src/stm32f4xx_syscfg.o
                0x08007bf8                SYSCFG_GetCompensationCellStatus
 .text.__NOP    0x08007c34        0xc ./drivers/ST/STM32F4xx_StdPeriph_Driver/src/misc.o
 .text.__WFI    0x08007c40        0xc ./drivers/ST/STM32F4xx_StdPeriph_Driver/src/misc.o
 .text.__WFE    0x08007c4c        0xc ./drivers/ST/STM32F4xx_StdPeriph_Driver/src/misc.o
 .text.__SEV    0x08007c58        0xc ./drivers/ST/STM32F4xx_StdPeriph_Driver/src/misc.o
 .text.__ISB    0x08007c64       0x10 ./drivers/ST/STM32F4xx_StdPeriph_Driver/src/misc.o
 .text.__DSB    0x08007c74       0x10 ./drivers/ST/STM32F4xx_StdPeriph_Driver/src/misc.o
 .text.__DMB    0x08007c84       0x10 ./drivers/ST/STM32F4xx_StdPeriph_Driver/src/misc.o
 .text.__REV    0x08007c94       0x1c ./drivers/ST/STM32F4xx_StdPeriph_Driver/src/misc.o
 .text.__REV16  0x08007cb0       0x1c ./drivers/ST/STM32F4xx_StdPeriph_Driver/src/misc.o
 .text.__REVSH  0x08007ccc       0x1c ./drivers/ST/STM32F4xx_StdPeriph_Driver/src/misc.o
 .text.__RBIT   0x08007ce8       0x20 ./drivers/ST/STM32F4xx_StdPeriph_Driver/src/misc.o
 .text.__LDREXB
                0x08007d08       0x20 ./drivers/ST/STM32F4xx_StdPeriph_Driver/src/misc.o
 .text.__LDREXH
                0x08007d28       0x20 ./drivers/ST/STM32F4xx_StdPeriph_Driver/src/misc.o
 .text.__LDREXW
                0x08007d48       0x20 ./drivers/ST/STM32F4xx_StdPeriph_Driver/src/misc.o
 .text.__STREXB
                0x08007d68       0x24 ./drivers/ST/STM32F4xx_StdPeriph_Driver/src/misc.o
 .text.__STREXH
                0x08007d8c       0x24 ./drivers/ST/STM32F4xx_StdPeriph_Driver/src/misc.o
 .text.__STREXW
                0x08007db0       0x24 ./drivers/ST/STM32F4xx_StdPeriph_Driver/src/misc.o
 .text.__CLREX  0x08007dd4       0x10 ./drivers/ST/STM32F4xx_StdPeriph_Driver/src/misc.o
 .text.__CLZ    0x08007de4       0x20 ./drivers/ST/STM32F4xx_StdPeriph_Driver/src/misc.o
 .text.__enable_irq
                0x08007e04        0xc ./drivers/ST/STM32F4xx_StdPeriph_Driver/src/misc.o
 .text.__disable_irq
                0x08007e10        0xc ./drivers/ST/STM32F4xx_StdPeriph_Driver/src/misc.o
 .text.__get_CONTROL
                0x08007e1c       0x1c ./drivers/ST/STM32F4xx_StdPeriph_Driver/src/misc.o
 .text.__set_CONTROL
                0x08007e38       0x18 ./drivers/ST/STM32F4xx_StdPeriph_Driver/src/misc.o
 .text.__get_IPSR
                0x08007e50       0x1c ./drivers/ST/STM32F4xx_StdPeriph_Driver/src/misc.o
 .text.__get_APSR
                0x08007e6c       0x1c ./drivers/ST/STM32F4xx_StdPeriph_Driver/src/misc.o
 .text.__get_xPSR
                0x08007e88       0x1c ./drivers/ST/STM32F4xx_StdPeriph_Driver/src/misc.o
 .text.__get_PSP
                0x08007ea4       0x14 ./drivers/ST/STM32F4xx_StdPeriph_Driver/src/misc.o
 .text.__set_PSP
                0x08007eb8       0x18 ./drivers/ST/STM32F4xx_StdPeriph_Driver/src/misc.o
 .text.__get_MSP
                0x08007ed0       0x14 ./drivers/ST/STM32F4xx_StdPeriph_Driver/src/misc.o
 .text.__set_MSP
                0x08007ee4       0x18 ./drivers/ST/STM32F4xx_StdPeriph_Driver/src/misc.o
 .text.__get_PRIMASK
                0x08007efc       0x1c ./drivers/ST/STM32F4xx_StdPeriph_Driver/src/misc.o
 .text.__set_PRIMASK
                0x08007f18       0x18 ./drivers/ST/STM32F4xx_StdPeriph_Driver/src/misc.o
 .text.__enable_fault_irq
                0x08007f30        0xc ./drivers/ST/STM32F4xx_StdPeriph_Driver/src/misc.o
 .text.__disable_fault_irq
                0x08007f3c        0xc ./drivers/ST/STM32F4xx_StdPeriph_Driver/src/misc.o
 .text.__get_BASEPRI
                0x08007f48       0x1c ./drivers/ST/STM32F4xx_StdPeriph_Driver/src/misc.o
 .text.__set_BASEPRI
                0x08007f64       0x18 ./drivers/ST/STM32F4xx_StdPeriph_Driver/src/misc.o
 .text.__get_FAULTMASK
                0x08007f7c       0x1c ./drivers/ST/STM32F4xx_StdPeriph_Driver/src/misc.o
 .text.__set_FAULTMASK
                0x08007f98       0x18 ./drivers/ST/STM32F4xx_StdPeriph_Driver/src/misc.o
 .text.__get_FPSCR
                0x08007fb0       0x10 ./drivers/ST/STM32F4xx_StdPeriph_Driver/src/misc.o
 .text.__set_FPSCR
                0x08007fc0       0x14 ./drivers/ST/STM32F4xx_StdPeriph_Driver/src/misc.o
 .text.__SADD8  0x08007fd4       0x24 ./drivers/ST/STM32F4xx_StdPeriph_Driver/src/misc.o
 .text.__QADD8  0x08007ff8       0x24 ./drivers/ST/STM32F4xx_StdPeriph_Driver/src/misc.o
 .text.__SHADD8
                0x0800801c       0x24 ./drivers/ST/STM32F4xx_StdPeriph_Driver/src/misc.o
 .text.__UADD8  0x08008040       0x24 ./drivers/ST/STM32F4xx_StdPeriph_Driver/src/misc.o
 .text.__UQADD8
                0x08008064       0x24 ./drivers/ST/STM32F4xx_StdPeriph_Driver/src/misc.o
 .text.__UHADD8
                0x08008088       0x24 ./drivers/ST/STM32F4xx_StdPeriph_Driver/src/misc.o
 .text.__SSUB8  0x080080ac       0x24 ./drivers/ST/STM32F4xx_StdPeriph_Driver/src/misc.o
 .text.__QSUB8  0x080080d0       0x24 ./drivers/ST/STM32F4xx_StdPeriph_Driver/src/misc.o
 .text.__SHSUB8
                0x080080f4       0x24 ./drivers/ST/STM32F4xx_StdPeriph_Driver/src/misc.o
 .text.__USUB8  0x08008118       0x24 ./drivers/ST/STM32F4xx_StdPeriph_Driver/src/misc.o
 .text.__UQSUB8
[...]
 .debug_info    0x000299bf     0x2741 ./drivers/ST/STM32F4xx_StdPeriph_Driver/src/stm32f4xx_dac.o
 .debug_info    0x0002c100      0x2a6 d:/workspace/FreeRTOS/Source/list.o
 .debug_info    0x0002c3a6      0x72d d:/workspace/FreeRTOS/Source/timers.o
 .debug_info    0x0002cad3      0x813 d:/workspace/FreeRTOS/Source/queue.o
 .debug_info    0x0002d2e6      0xd7f d:/workspace/FreeRTOS/Source/tasks.o
 .debug_info    0x0002e065      0x1d7 d:/workspace/FreeRTOS/Source/portable/GCC/ARM_CM3/port.o
 .debug_info    0x0002e23c      0x2b3 d:/workspace/FreeRTOS/Source/portable/MemMang/heap_2.o

.debug_abbrev   0x00000000     0x3149
 .debug_abbrev  0x00000000      0x2b3 ./RTOSDemo/main.o
 .debug_abbrev  0x000002b3      0x28b ./RTOSDemo/hw_config.o
 .debug_abbrev  0x0000053e      0x247 ./RTOSDemo/system_stm32f4xx.o
 .debug_abbrev  0x00000785      0x27a ./drivers/ST/STM32F4_discovery/stm32f4_discovery.o
 .debug_abbrev  0x000009ff      0x281 ./drivers/ST/STM32F4_discovery/stm32f4_discovery_lis302dl.o
 .debug_abbrev  0x00000c80      0x25c ./drivers/ST/STM32F4xx_StdPeriph_Driver/src/stm32f4xx_syscfg.o
 .debug_abbrev  0x00000edc      0x232 ./drivers/ST/STM32F4xx_StdPeriph_Driver/src/misc.o
 .debug_abbrev  0x0000110e      0x297 ./drivers/ST/STM32F4xx_StdPeriph_Driver/src/stm32f4xx_adc.o
 .debug_abbrev  0x000013a5      0x26b ./drivers/ST/STM32F4xx_StdPeriph_Driver/src/stm32f4xx_dma.o
 .debug_abbrev  0x00001610      0x2b5 ./drivers/ST/STM32F4xx_StdPeriph_Driver/src/stm32f4xx_exti.o
 .debug_abbrev  0x000018c5      0x29d ./drivers/ST/STM32F4xx_StdPeriph_Driver/src/stm32f4xx_flash.o
 .debug_abbrev  0x00001b62      0x27e ./drivers/ST/STM32F4xx_StdPeriph_Driver/src/stm32f4xx_gpio.o
 .debug_abbrev  0x00001de0      0x26b ./drivers/ST/STM32F4xx_StdPeriph_Driver/src/stm32f4xx_i2c.o
 .debug_abbrev  0x0000204b      0x2ac ./drivers/ST/STM32F4xx_StdPeriph_Driver/src/stm32f4xx_rcc.o
 .debug_abbrev  0x000022f7      0x26b ./drivers/ST/STM32F4xx_StdPeriph_Driver/src/stm32f4xx_spi.o
 .debug_abbrev  0x00002562      0x26b ./drivers/ST/STM32F4xx_StdPeriph_Driver/src/stm32f4xx_tim.o
 .debug_abbrev  0x000027cd      0x280 ./drivers/ST/STM32F4xx_StdPeriph_Driver/src/stm32f4xx_dac.o
 .debug_abbrev  0x00002a4d       0xb6 d:/workspace/FreeRTOS/Source/list.o
 .debug_abbrev  0x00002b03      0x130 d:/workspace/FreeRTOS/Source/timers.o
 .debug_abbrev  0x00002c33      0x107 d:/workspace/FreeRTOS/Source/queue.o
 .debug_abbrev  0x00002d3a      0x193 d:/workspace/FreeRTOS/Source/tasks.o
 .debug_abbrev  0x00002ecd      0x120 d:/workspace/FreeRTOS/Source/portable/GCC/ARM_CM3/port.o
 .debug_abbrev  0x00002fed      0x15c d:/workspace/FreeRTOS/Source/portable/MemMang/heap_2.o

.debug_loc      0x00000000    0x1eae8
 .debug_loc     0x00000000     0x18ec ./RTOSDemo/main.o
 .debug_loc     0x000018ec     0x1838 ./RTOSDemo/hw_config.o
 .debug_loc     0x00003124     0x17d4 ./RTOSDemo/system_stm32f4xx.o
 .debug_loc     0x000048f8     0x1888 ./drivers/ST/STM32F4_discovery/stm32f4_discovery.o
 .debug_loc     0x00006180     0x19d8 ./drivers/ST/STM32F4_discovery/stm32f4_discovery_lis302dl.o
 .debug_loc     0x00007b58     0x187c ./drivers/ST/STM32F4xx_StdPeriph_Driver/src/stm32f4xx_syscfg.o
 .debug_loc     0x000093d4     0x1850 ./drivers/ST/STM32F4xx_StdPeriph_Driver/src/misc.o
 .debug_loc     0x0000ac24     0x1f70 ./drivers/ST/STM32F4xx_StdPeriph_Driver/src/stm32f4xx_adc.o
 .debug_loc     0x0000cb94     0x1b60 ./drivers/ST/STM32F4xx_StdPeriph_Driver/src/stm32f4xx_dma.o
 .debug_loc     0x0000e6f4     0x18ec ./drivers/ST/STM32F4xx_StdPeriph_Driver/src/stm32f4xx_exti.o
 .debug_loc     0x0000ffe0     0x1d5c ./drivers/ST/STM32F4xx_StdPeriph_Driver/src/stm32f4xx_flash.o
 .debug_loc     0x00011d3c     0x1a48 ./drivers/ST/STM32F4xx_StdPeriph_Driver/src/stm32f4xx_gpio.o
 .debug_loc     0x00013784     0x1e70 ./drivers/ST/STM32F4xx_StdPeriph_Driver/src/stm32f4xx_i2c.o
 .debug_loc     0x000155f4     0x20b4 ./drivers/ST/STM32F4xx_StdPeriph_Driver/src/stm32f4xx_rcc.o
 .debug_loc     0x000176a8     0x1cb0 ./drivers/ST/STM32F4xx_StdPeriph_Driver/src/stm32f4xx_spi.o
 .debug_loc     0x00019358     0x2b58 ./drivers/ST/STM32F4xx_StdPeriph_Driver/src/stm32f4xx_tim.o
 .debug_loc     0x0001beb0     0x1ae4 ./drivers/ST/STM32F4xx_StdPeriph_Driver/src/stm32f4xx_dac.o
 .debug_loc     0x0001d994      0x118 d:/workspace/FreeRTOS/Source/list.o
 .debug_loc     0x0001daac      0x304 d:/workspace/FreeRTOS/Source/timers.o
 .debug_loc     0x0001ddb0      0x3f0 d:/workspace/FreeRTOS/Source/queue.o
 .debug_loc     0x0001e1a0      0x708 d:/workspace/FreeRTOS/Source/tasks.o
 .debug_loc     0x0001e8a8      0x178 d:/workspace/FreeRTOS/Source/portable/GCC/ARM_CM3/port.o
 .debug_loc     0x0001ea20       0xc8 d:/workspace/FreeRTOS/Source/portable/MemMang/heap_2.o

.debug_aranges  0x00000000     0x4aa8
 .debug_aranges
                0x00000000      0x3c8 ./RTOSDemo/main.o
 .debug_aranges
                0x000003c8      0x3b0 ./RTOSDemo/hw_config.o
 .debug_aranges
                0x00000778      0x3a0 ./RTOSDemo/system_stm32f4xx.o
 .debug_aranges
                0x00000b18      0x3b8 ./drivers/ST/STM32F4_discovery/stm32f4_discovery.o
 .debug_aranges
                0x00000ed0      0x3e8 ./drivers/ST/STM32F4_discovery/stm32f4_discovery_lis302dl.o
 .debug_aranges
                0x000012b8      0x3b8 ./drivers/ST/STM32F4xx_StdPeriph_Driver/src/stm32f4xx_syscfg.o
 .debug_aranges
                0x00001670      0x3b0 ./drivers/ST/STM32F4xx_StdPeriph_Driver/src/misc.o
 .debug_aranges
                0x00001a20      0x4b8 ./drivers/ST/STM32F4xx_StdPeriph_Driver/src/stm32f4xx_adc.o
 .debug_aranges
                0x00001ed8      0x420 ./drivers/ST/STM32F4xx_StdPeriph_Driver/src/stm32f4xx_dma.o
 .debug_aranges
                0x000022f8      0x3c8 ./drivers/ST/STM32F4xx_StdPeriph_Driver/src/stm32f4xx_exti.o
 .debug_aranges
                0x000026c0      0x478 ./drivers/ST/STM32F4xx_StdPeriph_Driver/src/stm32f4xx_flash.o
 .debug_aranges
                0x00002b38      0x3f8 ./drivers/ST/STM32F4xx_StdPeriph_Driver/src/stm32f4xx_gpio.o
 .debug_aranges
                0x00002f30      0x490 ./drivers/ST/STM32F4xx_StdPeriph_Driver/src/stm32f4xx_i2c.o
 .debug_aranges
                0x000033c0      0x4e8 ./drivers/ST/STM32F4xx_StdPeriph_Driver/src/stm32f4xx_rcc.o
 .debug_aranges
                0x000038a8      0x450 ./drivers/ST/STM32F4xx_StdPeriph_Driver/src/stm32f4xx_spi.o
 .debug_aranges
                0x00003cf8      0x668 ./drivers/ST/STM32F4xx_StdPeriph_Driver/src/stm32f4xx_tim.o
 .debug_aranges
                0x00004360      0x410 ./drivers/ST/STM32F4xx_StdPeriph_Driver/src/stm32f4xx_dac.o
 .debug_aranges
                0x00004770       0x40 d:/workspace/FreeRTOS/Source/list.o
 .debug_aranges
                0x000047b0       0x88 d:/workspace/FreeRTOS/Source/timers.o
 .debug_aranges
                0x00004838       0xa8 d:/workspace/FreeRTOS/Source/queue.o
 .debug_aranges
                0x000048e0      0x120 d:/workspace/FreeRTOS/Source/tasks.o
 .debug_aranges
                0x00004a00       0x70 d:/workspace/FreeRTOS/Source/portable/GCC/ARM_CM3/port.o
 .debug_aranges
                0x00004a70       0x38 d:/workspace/FreeRTOS/Source/portable/MemMang/heap_2.o

.debug_ranges   0x00000000     0x4938
 .debug_ranges  0x00000000      0x3b8 ./RTOSDemo/main.o
 .debug_ranges  0x000003b8      0x3a0 ./RTOSDemo/hw_config.o
 .debug_ranges  0x00000758      0x390 ./RTOSDemo/system_stm32f4xx.o
 .debug_ranges  0x00000ae8      0x3a8 ./drivers/ST/STM32F4_discovery/stm32f4_discovery.o
 .debug_ranges  0x00000e90      0x3d8 ./drivers/ST/STM32F4_discovery/stm32f4_discovery_lis302dl.o
 .debug_ranges  0x00001268      0x3a8 ./drivers/ST/STM32F4xx_StdPeriph_Driver/src/stm32f4xx_syscfg.o
 .debug_ranges  0x00001610      0x3a0 ./drivers/ST/STM32F4xx_StdPeriph_Driver/src/misc.o
 .debug_ranges  0x000019b0      0x4a8 ./drivers/ST/STM32F4xx_StdPeriph_Driver/src/stm32f4xx_adc.o
 .debug_ranges  0x00001e58      0x410 ./drivers/ST/STM32F4xx_StdPeriph_Driver/src/stm32f4xx_dma.o
 .debug_ranges  0x00002268      0x3b8 ./drivers/ST/STM32F4xx_StdPeriph_Driver/src/stm32f4xx_exti.o
 .debug_ranges  0x00002620      0x468 ./drivers/ST/STM32F4xx_StdPeriph_Driver/src/stm32f4xx_flash.o
 .debug_ranges  0x00002a88      0x3e8 ./drivers/ST/STM32F4xx_StdPeriph_Driver/src/stm32f4xx_gpio.o
 .debug_ranges  0x00002e70      0x480 ./drivers/ST/STM32F4xx_StdPeriph_Driver/src/stm32f4xx_i2c.o
 .debug_ranges  0x000032f0      0x4d8 ./drivers/ST/STM32F4xx_StdPeriph_Driver/src/stm32f4xx_rcc.o
 .debug_ranges  0x000037c8      0x440 ./drivers/ST/STM32F4xx_StdPeriph_Driver/src/stm32f4xx_spi.o
 .debug_ranges  0x00003c08      0x658 ./drivers/ST/STM32F4xx_StdPeriph_Driver/src/stm32f4xx_tim.o
 .debug_ranges  0x00004260      0x400 ./drivers/ST/STM32F4xx_StdPeriph_Driver/src/stm32f4xx_dac.o
 .debug_ranges  0x00004660       0x30 d:/workspace/FreeRTOS/Source/list.o
 .debug_ranges  0x00004690       0x78 d:/workspace/FreeRTOS/Source/timers.o
 .debug_ranges  0x00004708       0x98 d:/workspace/FreeRTOS/Source/queue.o
 .debug_ranges  0x000047a0      0x110 d:/workspace/FreeRTOS/Source/tasks.o
 .debug_ranges  0x000048b0       0x60 d:/workspace/FreeRTOS/Source/portable/GCC/ARM_CM3/port.o
 .debug_ranges  0x00004910       0x28 d:/workspace/FreeRTOS/Source/portable/MemMang/heap_2.o

.debug_line     0x00000000     0xf4f3
 .debug_line    0x00000000      0xcd4 ./RTOSDemo/main.o
 .debug_line    0x00000cd4      0xc26 ./RTOSDemo/hw_config.o
 .debug_line    0x000018fa      0xb52 ./RTOSDemo/system_stm32f4xx.o
 .debug_line    0x0000244c      0xbd0 ./drivers/ST/STM32F4_discovery/stm32f4_discovery.o
 .debug_line    0x0000301c      0xcf8 ./drivers/ST/STM32F4_discovery/stm32f4_discovery_lis302dl.o
 .debug_line    0x00003d14      0xb59 ./drivers/ST/STM32F4xx_StdPeriph_Driver/src/stm32f4xx_syscfg.o
 .debug_line    0x0000486d      0xb76 ./drivers/ST/STM32F4xx_StdPeriph_Driver/src/misc.o
 .debug_line    0x000053e3      0xec7 ./drivers/ST/STM32F4xx_StdPeriph_Driver/src/stm32f4xx_adc.o
 .debug_line    0x000062aa      0xd29 ./drivers/ST/STM32F4xx_StdPeriph_Driver/src/stm32f4xx_dma.o
 .debug_line    0x00006fd3      0xbdc ./drivers/ST/STM32F4xx_StdPeriph_Driver/src/stm32f4xx_exti.o
 .debug_line    0x00007baf      0xdef ./drivers/ST/STM32F4xx_StdPeriph_Driver/src/stm32f4xx_flash.o
 .debug_line    0x0000899e      0xc82 ./drivers/ST/STM32F4xx_StdPeriph_Driver/src/stm32f4xx_gpio.o
 .debug_line    0x00009620      0xe45 ./drivers/ST/STM32F4xx_StdPeriph_Driver/src/stm32f4xx_i2c.o
 .debug_line    0x0000a465      0xf1a ./drivers/ST/STM32F4xx_StdPeriph_Driver/src/stm32f4xx_rcc.o
 .debug_line    0x0000b37f      0xdac ./drivers/ST/STM32F4xx_StdPeriph_Driver/src/stm32f4xx_spi.o
 .debug_line    0x0000c12b     0x1458 ./drivers/ST/STM32F4xx_StdPeriph_Driver/src/stm32f4xx_tim.o
 .debug_line    0x0000d583      0xca9 ./drivers/ST/STM32F4xx_StdPeriph_Driver/src/stm32f4xx_dac.o
 .debug_line    0x0000e22c      0x137 d:/workspace/FreeRTOS/Source/list.o
 .debug_line    0x0000e363      0x2c7 d:/workspace/FreeRTOS/Source/timers.o
 .debug_line    0x0000e62a      0x4cb d:/workspace/FreeRTOS/Source/queue.o
 .debug_line    0x0000eaf5      0x72b d:/workspace/FreeRTOS/Source/tasks.o
 .debug_line    0x0000f220      0x175 d:/workspace/FreeRTOS/Source/portable/GCC/ARM_CM3/port.o
 .debug_line    0x0000f395      0x15e d:/workspace/FreeRTOS/Source/portable/MemMang/heap_2.o

.debug_str      0x00000000     0x5521
 .debug_str     0x00000000      0xe3f ./RTOSDemo/main.o
                                0xed5 (size before relaxing)
 .debug_str     0x00000e3f      0x449 ./RTOSDemo/hw_config.o
                               0x1187 (size before relaxing)
 .debug_str     0x00001288      0x156 ./RTOSDemo/system_stm32f4xx.o
                                0xe14 (size before relaxing)
 .debug_str     0x000013de      0x2c1 ./drivers/ST/STM32F4_discovery/stm32f4_discovery.o
                               0x113c (size before relaxing)
 .debug_str     0x0000169f      0x309 ./drivers/ST/STM32F4_discovery/stm32f4_discovery_lis302dl.o
                               0x1223 (size before relaxing)
 .debug_str     0x000019a8      0x167 ./drivers/ST/STM32F4xx_StdPeriph_Driver/src/stm32f4xx_syscfg.o
                                0xe1d (size before relaxing)
 .debug_str     0x00001b0f       0xf0 ./drivers/ST/STM32F4xx_StdPeriph_Driver/src/misc.o
                                0xe23 (size before relaxing)
 .debug_str     0x00001bff      0x62b ./drivers/ST/STM32F4xx_StdPeriph_Driver/src/stm32f4xx_adc.o
                               0x1319 (size before relaxing)
 .debug_str     0x0000222a      0x375 ./drivers/ST/STM32F4xx_StdPeriph_Driver/src/stm32f4xx_dma.o
                               0x1069 (size before relaxing)
 .debug_str     0x0000259f       0xf1 ./drivers/ST/STM32F4xx_StdPeriph_Driver/src/stm32f4xx_exti.o
                                0xe94 (size before relaxing)
 .debug_str     0x00002690      0x39e ./drivers/ST/STM32F4xx_StdPeriph_Driver/src/stm32f4xx_flash.o
                               0x109c (size before relaxing)
 .debug_str     0x00002a2e      0x18e ./drivers/ST/STM32F4xx_StdPeriph_Driver/src/stm32f4xx_gpio.o
                                0xfb8 (size before relaxing)
 .debug_str     0x00002bbc      0x41f ./drivers/ST/STM32F4xx_StdPeriph_Driver/src/stm32f4xx_i2c.o
                               0x1137 (size before relaxing)
 .debug_str     0x00002fdb      0x4ee ./drivers/ST/STM32F4xx_StdPeriph_Driver/src/stm32f4xx_rcc.o
                               0x1329 (size before relaxing)
 .debug_str     0x000034c9      0x2e7 ./drivers/ST/STM32F4xx_StdPeriph_Driver/src/stm32f4xx_spi.o
                               0x1163 (size before relaxing)
 .debug_str     0x000037b0      0x9ef ./drivers/ST/STM32F4xx_StdPeriph_Driver/src/stm32f4xx_tim.o
                               0x18a9 (size before relaxing)
 .debug_str     0x0000419f      0x274 ./drivers/ST/STM32F4xx_StdPeriph_Driver/src/stm32f4xx_dac.o
                                0xf68 (size before relaxing)
 .debug_str     0x00004413      0x142 d:/workspace/FreeRTOS/Source/list.o
                                0x1ea (size before relaxing)
 .debug_str     0x00004555      0x377 d:/workspace/FreeRTOS/Source/timers.o
                                0x4b7 (size before relaxing)
 .debug_str     0x000048cc      0x36b d:/workspace/FreeRTOS/Source/queue.o
                                0x4f4 (size before relaxing)
 .debug_str     0x00004c37      0x648 d:/workspace/FreeRTOS/Source/tasks.o
                                0x860 (size before relaxing)
 .debug_str     0x0000527f      0x134 d:/workspace/FreeRTOS/Source/portable/GCC/ARM_CM3/port.o
                                0x1ba (size before relaxing)
 .debug_str     0x000053b3      0x16e d:/workspace/FreeRTOS/Source/portable/MemMang/heap_2.o
                                0x215 (size before relaxing)

.comment        0x00000000       0x30
 .comment       0x00000000       0x30 ./RTOSDemo/main.o
                                 0x31 (size before relaxing)
 .comment       0x00000000       0x31 ./RTOSDemo/hw_config.o
 .comment       0x00000000       0x31 ./RTOSDemo/system_stm32f4xx.o
 .comment       0x00000000       0x31 ./drivers/ST/STM32F4_discovery/stm32f4_discovery.o
 .comment       0x00000000       0x31 ./drivers/ST/STM32F4_discovery/stm32f4_discovery_lis302dl.o
 .comment       0x00000000       0x31 ./drivers/ST/STM32F4xx_StdPeriph_Driver/src/stm32f4xx_syscfg.o
 .comment       0x00000000       0x31 ./drivers/ST/STM32F4xx_StdPeriph_Driver/src/misc.o
 .comment       0x00000000       0x31 ./drivers/ST/STM32F4xx_StdPeriph_Driver/src/stm32f4xx_adc.o
 .comment       0x00000000       0x31 ./drivers/ST/STM32F4xx_StdPeriph_Driver/src/stm32f4xx_dma.o
 .comment       0x00000000       0x31 ./drivers/ST/STM32F4xx_StdPeriph_Driver/src/stm32f4xx_exti.o
 .comment       0x00000000       0x31 ./drivers/ST/STM32F4xx_StdPeriph_Driver/src/stm32f4xx_flash.o
 .comment       0x00000000       0x31 ./drivers/ST/STM32F4xx_StdPeriph_Driver/src/stm32f4xx_gpio.o
 .comment       0x00000000       0x31 ./drivers/ST/STM32F4xx_StdPeriph_Driver/src/stm32f4xx_i2c.o
 .comment       0x00000000       0x31 ./drivers/ST/STM32F4xx_StdPeriph_Driver/src/stm32f4xx_rcc.o
 .comment       0x00000000       0x31 ./drivers/ST/STM32F4xx_StdPeriph_Driver/src/stm32f4xx_spi.o
 .comment       0x00000000       0x31 ./drivers/ST/STM32F4xx_StdPeriph_Driver/src/stm32f4xx_tim.o
 .comment       0x00000000       0x31 ./drivers/ST/STM32F4xx_StdPeriph_Driver/src/stm32f4xx_dac.o
 .comment       0x00000000       0x31 d:/workspace/FreeRTOS/Source/list.o
 .comment       0x00000000       0x31 d:/workspace/FreeRTOS/Source/timers.o
 .comment       0x00000000       0x31 d:/workspace/FreeRTOS/Source/queue.o
 .comment       0x00000000       0x31 d:/workspace/FreeRTOS/Source/tasks.o
 .comment       0x00000000       0x31 d:/workspace/FreeRTOS/Source/portable/GCC/ARM_CM3/port.o
 .comment       0x00000000       0x31 d:/workspace/FreeRTOS/Source/portable/MemMang/heap_2.o

.debug_frame    0x00000000    0x10fd0
 .debug_frame   0x00000000      0xdec ./RTOSDemo/main.o
 .debug_frame   0x00000dec      0xd8c ./RTOSDemo/hw_config.o
 .debug_frame   0x00001b78      0xd4c ./RTOSDemo/system_stm32f4xx.o
 .debug_frame   0x000028c4      0xdac ./drivers/ST/STM32F4_discovery/stm32f4_discovery.o
 .debug_frame   0x00003670      0xe78 ./drivers/ST/STM32F4_discovery/stm32f4_discovery_lis302dl.o
 .debug_frame   0x000044e8      0xda4 ./drivers/ST/STM32F4xx_StdPeriph_Driver/src/stm32f4xx_syscfg.o
 .debug_frame   0x0000528c      0xd84 ./drivers/ST/STM32F4xx_StdPeriph_Driver/src/misc.o
 .debug_frame   0x00006010     0x111c ./drivers/ST/STM32F4xx_StdPeriph_Driver/src/stm32f4xx_adc.o
 .debug_frame   0x0000712c      0xf0c ./drivers/ST/STM32F4xx_StdPeriph_Driver/src/stm32f4xx_dma.o
 .debug_frame   0x00008038      0xdd4 ./drivers/ST/STM32F4xx_StdPeriph_Driver/src/stm32f4xx_exti.o
 .debug_frame   0x00008e0c     0x1048 ./drivers/ST/STM32F4xx_StdPeriph_Driver/src/stm32f4xx_flash.o
 .debug_frame   0x00009e54      0xe84 ./drivers/ST/STM32F4xx_StdPeriph_Driver/src/stm32f4xx_gpio.o
 .debug_frame   0x0000acd8     0x109c ./drivers/ST/STM32F4xx_StdPeriph_Driver/src/stm32f4xx_i2c.o
 .debug_frame   0x0000bd74     0x11c0 ./drivers/ST/STM32F4xx_StdPeriph_Driver/src/stm32f4xx_rcc.o
 .debug_frame   0x0000cf34      0xfb8 ./drivers/ST/STM32F4xx_StdPeriph_Driver/src/stm32f4xx_spi.o
 .debug_frame   0x0000deec     0x1724 ./drivers/ST/STM32F4xx_StdPeriph_Driver/src/stm32f4xx_tim.o
 .debug_frame   0x0000f610      0xed4 ./drivers/ST/STM32F4xx_StdPeriph_Driver/src/stm32f4xx_dac.o
 .debug_frame   0x000104e4       0x9c d:/workspace/FreeRTOS/Source/list.o
 .debug_frame   0x00010580      0x1c4 d:/workspace/FreeRTOS/Source/timers.o
 .debug_frame   0x00010744      0x244 d:/workspace/FreeRTOS/Source/queue.o
 .debug_frame   0x00010988      0x404 d:/workspace/FreeRTOS/Source/tasks.o
 .debug_frame   0x00010d8c      0x110 d:/workspace/FreeRTOS/Source/portable/GCC/ARM_CM3/port.o
 .debug_frame   0x00010e9c       0x80 d:/workspace/FreeRTOS/Source/portable/MemMang/heap_2.o
 .debug_frame   0x00010f1c       0x2c d:/sourcery_codebench_lite_for_arm_eabi/bin/../lib/gcc/arm-none-eabi/4.6.1/../../../../arm-none-eabi/lib/thumb2\libc.a(lib_a-memcmp.o)
 .debug_frame   0x00010f48       0x30 d:/sourcery_codebench_lite_for_arm_eabi/bin/../lib/gcc/arm-none-eabi/4.6.1/../../../../arm-none-eabi/lib/thumb2\libc.a(lib_a-memcpy.o)
 .debug_frame   0x00010f78       0x2c d:/sourcery_codebench_lite_for_arm_eabi/bin/../lib/gcc/arm-none-eabi/4.6.1/../../../../arm-none-eabi/lib/thumb2\libc.a(lib_a-memset.o)
 .debug_frame   0x00010fa4       0x2c d:/sourcery_codebench_lite_for_arm_eabi/bin/../lib/gcc/arm-none-eabi/4.6.1/../../../../arm-none-eabi/lib/thumb2\libc.a(lib_a-strncpy.o)
